[    0.000000] microcode: microcode updated early to revision 0xcc, date = 2019-04-01
[    0.000000] Linux version 4.15.0-64-generic (buildd@lgw01-amd64-035) (gcc version 5.4.0 20160609 (Ubuntu 5.4.0-6ubuntu1~16.04.10)) #73~16.04.1-Ubuntu SMP Fri Sep 13 09:56:18 UTC 2019 (Ubuntu 4.15.0-64.73~16.04.1-generic 4.15.18)
[    0.000000] Command line: BOOT_IMAGE=/boot/vmlinuz-4.15.0-64-generic root=UUID=c82b9a54-9e95-4d91-a045-f6274d22a0f7 ro quiet splash vt.handoff=7
[    0.000000] KERNEL supported cpus:
[    0.000000]   Intel GenuineIntel
[    0.000000]   AMD AuthenticAMD
[    0.000000]   Centaur CentaurHauls
[    0.000000] x86/fpu: Supporting XSAVE feature 0x001: 'x87 floating point registers'
[    0.000000] x86/fpu: Supporting XSAVE feature 0x002: 'SSE registers'
[    0.000000] x86/fpu: Supporting XSAVE feature 0x004: 'AVX registers'
[    0.000000] x86/fpu: Supporting XSAVE feature 0x008: 'MPX bounds registers'
[    0.000000] x86/fpu: Supporting XSAVE feature 0x010: 'MPX CSR'
[    0.000000] x86/fpu: xstate_offset[2]:  576, xstate_sizes[2]:  256
[    0.000000] x86/fpu: xstate_offset[3]:  832, xstate_sizes[3]:   64
[    0.000000] x86/fpu: xstate_offset[4]:  896, xstate_sizes[4]:   64
[    0.000000] x86/fpu: Enabled xstate features 0x1f, context size is 960 bytes, using 'compacted' format.
[    0.000000] e820: BIOS-provided physical RAM map:
[    0.000000] BIOS-e820: [mem 0x0000000000000000-0x00000000000963ff] usable
[    0.000000] BIOS-e820: [mem 0x0000000000096400-0x000000000009ffff] reserved
[    0.000000] BIOS-e820: [mem 0x00000000000e0000-0x00000000000fffff] reserved
[    0.000000] BIOS-e820: [mem 0x0000000000100000-0x00000000832fffff] usable
[    0.000000] BIOS-e820: [mem 0x0000000083300000-0x0000000083300fff] ACPI NVS
[    0.000000] BIOS-e820: [mem 0x0000000083301000-0x000000008332afff] reserved
[    0.000000] BIOS-e820: [mem 0x000000008332b000-0x000000008a247fff] usable
[    0.000000] BIOS-e820: [mem 0x000000008a248000-0x000000008a549fff] reserved
[    0.000000] BIOS-e820: [mem 0x000000008a54a000-0x000000008a581fff] ACPI data
[    0.000000] BIOS-e820: [mem 0x000000008a582000-0x000000008ae73fff] ACPI NVS
[    0.000000] BIOS-e820: [mem 0x000000008ae74000-0x000000008b2fefff] reserved
[    0.000000] BIOS-e820: [mem 0x000000008b2ff000-0x000000008b2fffff] usable
[    0.000000] BIOS-e820: [mem 0x000000008b300000-0x000000008b3fffff] reserved
[    0.000000] BIOS-e820: [mem 0x00000000e0000000-0x00000000efffffff] reserved
[    0.000000] BIOS-e820: [mem 0x00000000fe000000-0x00000000fe010fff] reserved
[    0.000000] BIOS-e820: [mem 0x00000000fec00000-0x00000000fec00fff] reserved
[    0.000000] BIOS-e820: [mem 0x00000000fee00000-0x00000000fee00fff] reserved
[    0.000000] BIOS-e820: [mem 0x00000000ff000000-0x00000000ffffffff] reserved
[    0.000000] BIOS-e820: [mem 0x0000000100000000-0x000000046effffff] usable
[    0.000000] NX (Execute Disable) protection: active
[    0.000000] SMBIOS 3.0.0 present.
[    0.000000] DMI:  /NUC6i5SYB, BIOS SYSKLi35.86A.0042.2016.0409.1246 04/09/2016
[    0.000000] e820: update [mem 0x00000000-0x00000fff] usable ==> reserved
[    0.000000] e820: remove [mem 0x000a0000-0x000fffff] usable
[    0.000000] e820: last_pfn = 0x46f000 max_arch_pfn = 0x400000000
[    0.000000] MTRR default type: write-back
[    0.000000] MTRR fixed ranges enabled:
[    0.000000]   00000-9FFFF write-back
[    0.000000]   A0000-BFFFF uncachable
[    0.000000]   C0000-FFFFF write-protect
[    0.000000] MTRR variable ranges enabled:
[    0.000000]   0 base 00C0000000 mask 7FC0000000 uncachable
[    0.000000]   1 base 00A0000000 mask 7FE0000000 uncachable
[    0.000000]   2 base 0090000000 mask 7FF0000000 uncachable
[    0.000000]   3 base 008C000000 mask 7FFC000000 uncachable
[    0.000000]   4 base 008B800000 mask 7FFF800000 uncachable
[    0.000000]   5 disabled
[    0.000000]   6 disabled
[    0.000000]   7 disabled
[    0.000000]   8 disabled
[    0.000000]   9 disabled
[    0.000000] x86/PAT: Configuration [0-7]: WB  WC  UC- UC  WB  WP  UC- WT  
[    0.000000] e820: last_pfn = 0x8b300 max_arch_pfn = 0x400000000
[    0.000000] found SMP MP-table at [mem 0x000fcc10-0x000fcc1f]
[    0.000000] Scanning 1 areas for low memory corruption
[    0.000000] Using GB pages for direct mapping
[    0.000000] BRK [0x39193e000, 0x39193efff] PGTABLE
[    0.000000] BRK [0x39193f000, 0x39193ffff] PGTABLE
[    0.000000] BRK [0x391940000, 0x391940fff] PGTABLE
[    0.000000] BRK [0x391941000, 0x391941fff] PGTABLE
[    0.000000] BRK [0x391942000, 0x391942fff] PGTABLE
[    0.000000] BRK [0x391943000, 0x391943fff] PGTABLE
[    0.000000] BRK [0x391944000, 0x391944fff] PGTABLE
[    0.000000] BRK [0x391945000, 0x391945fff] PGTABLE
[    0.000000] BRK [0x391946000, 0x391946fff] PGTABLE
[    0.000000] RAMDISK: [mem 0x31688000-0x34b3bfff]
[    0.000000] ACPI: Early table checksum verification disabled
[    0.000000] ACPI: RSDP 0x00000000000F05B0 000024 (v02 INTEL )
[    0.000000] ACPI: XSDT 0x000000008A555098 0000B4 (v01 INTEL  NUC6i5SY 0000002A AMI  00010013)
[    0.000000] ACPI: FACP 0x000000008A576EF8 00010C (v05 INTEL  NUC6i5SY 0000002A AMI  00010013)
[    0.000000] ACPI: DSDT 0x000000008A5551E0 021D12 (v02 INTEL  NUC6i5SY 0000002A INTL 20120913)
[    0.000000] ACPI: FACS 0x000000008AE73F80 000040
[    0.000000] ACPI: APIC 0x000000008A577008 000084 (v03 INTEL  NUC6i5SY 0000002A AMI  00010013)
[    0.000000] ACPI: FPDT 0x000000008A577090 000044 (v01 INTEL  NUC6i5SY 0000002A AMI  00010013)
[    0.000000] ACPI: FIDT 0x000000008A5770D8 00009C (v01 INTEL  NUC6i5SY 0000002A AMI  00010013)
[    0.000000] ACPI: MCFG 0x000000008A577178 00003C (v01 INTEL  NUC6i5SY 0000002A MSFT 00000097)
[    0.000000] ACPI: HPET 0x000000008A5771B8 000038 (v01 INTEL  NUC6i5SY 0000002A AMI. 0005000B)
[    0.000000] ACPI: LPIT 0x000000008A5771F0 000094 (v01 INTEL  NUC6i5SY 0000002A MSFT 0000005F)
[    0.000000] ACPI: SSDT 0x000000008A577288 000248 (v02 INTEL  NUC6i5SY 0000002A INTL 20120913)
[    0.000000] ACPI: SSDT 0x000000008A5774D0 002BAE (v02 INTEL  NUC6i5SY 0000002A INTL 20120913)
[    0.000000] ACPI: SSDT 0x000000008A57A080 000BE3 (v02 INTEL  NUC6i5SY 0000002A INTL 20120913)
[    0.000000] ACPI: SSDT 0x000000008A57AC68 0004A3 (v02 INTEL  NUC6i5SY 0000002A INTL 20120913)
[    0.000000] ACPI: DBGP 0x000000008A57B110 000034 (v01 INTEL  NUC6i5SY 0000002A MSFT 0000005F)
[    0.000000] ACPI: DBG2 0x000000008A57B148 000054 (v00 INTEL  NUC6i5SY 0000002A MSFT 0000005F)
[    0.000000] ACPI: SSDT 0x000000008A57B1A0 00046E (v02 INTEL  NUC6i5SY 0000002A INTL 20120913)
[    0.000000] ACPI: SSDT 0x000000008A57B610 00546C (v02 INTEL  NUC6i5SY 0000002A INTL 20120913)
[    0.000000] ACPI: UEFI 0x000000008A580A80 000042 (v01 INTEL  NUC6i5SY 0000002A      00000000)
[    0.000000] ACPI: SSDT 0x000000008A580AC8 000E73 (v02 INTEL  NUC6i5SY 0000002A INTL 20120913)
[    0.000000] ACPI: DMAR 0x000000008A581940 0000CC (v01 INTEL  NUC6i5SY 0000002A INTL 00000001)
[    0.000000] ACPI: Local APIC address 0xfee00000
[    0.000000] No NUMA configuration found
[    0.000000] Faking a node at [mem 0x0000000000000000-0x000000046effffff]
[    0.000000] NODE_DATA(0) allocated [mem 0x46efd5000-0x46effffff]
[    0.000000] Zone ranges:
[    0.000000]   DMA      [mem 0x0000000000001000-0x0000000000ffffff]
[    0.000000]   DMA32    [mem 0x0000000001000000-0x00000000ffffffff]
[    0.000000]   Normal   [mem 0x0000000100000000-0x000000046effffff]
[    0.000000]   Device   empty
[    0.000000] Movable zone start for each node
[    0.000000] Early memory node ranges
[    0.000000]   node   0: [mem 0x0000000000001000-0x0000000000095fff]
[    0.000000]   node   0: [mem 0x0000000000100000-0x00000000832fffff]
[    0.000000]   node   0: [mem 0x000000008332b000-0x000000008a247fff]
[    0.000000]   node   0: [mem 0x000000008b2ff000-0x000000008b2fffff]
[    0.000000]   node   0: [mem 0x0000000100000000-0x000000046effffff]
[    0.000000] Reserved but unavailable: 107 pages
[    0.000000] Initmem setup node 0 [mem 0x0000000000001000-0x000000046effffff]
[    0.000000] On node 0 totalpages: 4166067
[    0.000000]   DMA zone: 64 pages used for memmap
[    0.000000]   DMA zone: 21 pages reserved
[    0.000000]   DMA zone: 3989 pages, LIFO batch:0
[    0.000000]   DMA32 zone: 8777 pages used for memmap
[    0.000000]   DMA32 zone: 561694 pages, LIFO batch:31
[    0.000000]   Normal zone: 56256 pages used for memmap
[    0.000000]   Normal zone: 3600384 pages, LIFO batch:31
[    0.000000] Reserving Intel graphics memory at 0x000000008c000000-0x000000008fffffff
[    0.000000] ACPI: PM-Timer IO Port: 0x1808
[    0.000000] ACPI: Local APIC address 0xfee00000
[    0.000000] ACPI: LAPIC_NMI (acpi_id[0x01] high edge lint[0x1])
[    0.000000] ACPI: LAPIC_NMI (acpi_id[0x02] high edge lint[0x1])
[    0.000000] ACPI: LAPIC_NMI (acpi_id[0x03] high edge lint[0x1])
[    0.000000] ACPI: LAPIC_NMI (acpi_id[0x04] high edge lint[0x1])
[    0.000000] IOAPIC[0]: apic_id 2, version 32, address 0xfec00000, GSI 0-119
[    0.000000] ACPI: INT_SRC_OVR (bus 0 bus_irq 0 global_irq 2 dfl dfl)
[    0.000000] ACPI: INT_SRC_OVR (bus 0 bus_irq 9 global_irq 9 high level)
[    0.000000] ACPI: IRQ0 used by override.
[    0.000000] ACPI: IRQ9 used by override.
[    0.000000] Using ACPI (MADT) for SMP configuration information
[    0.000000] ACPI: HPET id: 0x8086a701 base: 0xfed00000
[    0.000000] smpboot: Allowing 4 CPUs, 0 hotplug CPUs
[    0.000000] PM: Registered nosave memory: [mem 0x00000000-0x00000fff]
[    0.000000] PM: Registered nosave memory: [mem 0x00096000-0x00096fff]
[    0.000000] PM: Registered nosave memory: [mem 0x00097000-0x0009ffff]
[    0.000000] PM: Registered nosave memory: [mem 0x000a0000-0x000dffff]
[    0.000000] PM: Registered nosave memory: [mem 0x000e0000-0x000fffff]
[    0.000000] PM: Registered nosave memory: [mem 0x83300000-0x83300fff]
[    0.000000] PM: Registered nosave memory: [mem 0x83301000-0x8332afff]
[    0.000000] PM: Registered nosave memory: [mem 0x8a248000-0x8a549fff]
[    0.000000] PM: Registered nosave memory: [mem 0x8a54a000-0x8a581fff]
[    0.000000] PM: Registered nosave memory: [mem 0x8a582000-0x8ae73fff]
[    0.000000] PM: Registered nosave memory: [mem 0x8ae74000-0x8b2fefff]
[    0.000000] PM: Registered nosave memory: [mem 0x8b300000-0x8b3fffff]
[    0.000000] PM: Registered nosave memory: [mem 0x8b400000-0x8bffffff]
[    0.000000] PM: Registered nosave memory: [mem 0x8c000000-0x8fffffff]
[    0.000000] PM: Registered nosave memory: [mem 0x90000000-0xdfffffff]
[    0.000000] PM: Registered nosave memory: [mem 0xe0000000-0xefffffff]
[    0.000000] PM: Registered nosave memory: [mem 0xf0000000-0xfdffffff]
[    0.000000] PM: Registered nosave memory: [mem 0xfe000000-0xfe010fff]
[    0.000000] PM: Registered nosave memory: [mem 0xfe011000-0xfebfffff]
[    0.000000] PM: Registered nosave memory: [mem 0xfec00000-0xfec00fff]
[    0.000000] PM: Registered nosave memory: [mem 0xfec01000-0xfedfffff]
[    0.000000] PM: Registered nosave memory: [mem 0xfee00000-0xfee00fff]
[    0.000000] PM: Registered nosave memory: [mem 0xfee01000-0xfeffffff]
[    0.000000] PM: Registered nosave memory: [mem 0xff000000-0xffffffff]
[    0.000000] e820: [mem 0x90000000-0xdfffffff] available for PCI devices
[    0.000000] Booting paravirtualized kernel on bare hardware
[    0.000000] clocksource: refined-jiffies: mask: 0xffffffff max_cycles: 0xffffffff, max_idle_ns: 7645519600211568 ns
[    0.000000] random: get_random_bytes called from start_kernel+0x99/0x51b with crng_init=0
[    0.000000] setup_percpu: NR_CPUS:8192 nr_cpumask_bits:4 nr_cpu_ids:4 nr_node_ids:1
[    0.000000] percpu: Embedded 46 pages/cpu s151552 r8192 d28672 u524288
[    0.000000] pcpu-alloc: s151552 r8192 d28672 u524288 alloc=1*2097152
[    0.000000] pcpu-alloc: [0] 0 1 2 3 
[    0.000000] Built 1 zonelists, mobility grouping on.  Total pages: 4100949
[    0.000000] Policy zone: Normal
[    0.000000] Kernel command line: BOOT_IMAGE=/boot/vmlinuz-4.15.0-64-generic root=UUID=c82b9a54-9e95-4d91-a045-f6274d22a0f7 ro quiet splash vt.handoff=7
[    0.000000] Calgary: detecting Calgary via BIOS EBDA area
[    0.000000] Calgary: Unable to locate Rio Grande table in EBDA - bailing!
[    0.000000] Memory: 16253208K/16664268K available (12300K kernel code, 2480K rwdata, 4184K rodata, 2428K init, 2384K bss, 411060K reserved, 0K cma-reserved)
[    0.000000] SLUB: HWalign=64, Order=0-3, MinObjects=0, CPUs=4, Nodes=1
[    0.000000] Kernel/User page tables isolation: enabled
[    0.000000] ftrace: allocating 39313 entries in 154 pages
[    0.000000] Hierarchical RCU implementation.
[    0.000000] 	RCU restricting CPUs from NR_CPUS=8192 to nr_cpu_ids=4.
[    0.000000] 	Tasks RCU enabled.
[    0.000000] RCU: Adjusting geometry for rcu_fanout_leaf=16, nr_cpu_ids=4
[    0.000000] NR_IRQS: 524544, nr_irqs: 1024, preallocated irqs: 16
[    0.000000] vt handoff: transparent VT on vt#7
[    0.000000] Console: colour dummy device 80x25
[    0.000000] console [tty0] enabled
[    0.000000] ACPI: Core revision 20170831
[    0.000000] ACPI: 8 ACPI AML tables successfully acquired and loaded
[    0.000000] clocksource: hpet: mask: 0xffffffff max_cycles: 0xffffffff, max_idle_ns: 79635855245 ns
[    0.000000] hpet clockevent registered
[    0.004000] APIC: Switch to symmetric I/O mode setup
[    0.004000] DMAR: Host address width 39
[    0.004000] DMAR: DRHD base: 0x000000fed90000 flags: 0x0
[    0.004000] DMAR: dmar0: reg_base_addr fed90000 ver 1:0 cap 1c0000c40660462 ecap 7e3ff0505e
[    0.004000] DMAR: DRHD base: 0x000000fed91000 flags: 0x1
[    0.004000] DMAR: dmar1: reg_base_addr fed91000 ver 1:0 cap d2008c40660462 ecap f050da
[    0.004000] DMAR: RMRR base: 0x0000008a2ec000 end: 0x0000008a30bfff
[    0.004000] DMAR: RMRR base: 0x0000008b800000 end: 0x0000008fffffff
[    0.004000] DMAR: ANDD device: 9 name: \_SB.PCI0.UA00
[    0.004000] DMAR-IR: IOAPIC id 2 under DRHD base  0xfed91000 IOMMU 1
[    0.004000] DMAR-IR: HPET id 0 under DRHD base 0xfed91000
[    0.004000] DMAR-IR: Queued invalidation will be enabled to support x2apic and Intr-remapping.
[    0.004000] DMAR-IR: Enabled IRQ remapping in x2apic mode
[    0.004000] x2apic enabled
[    0.004000] Switched APIC routing to cluster x2apic.
[    0.008000] ..TIMER: vector=0x30 apic1=0 pin1=2 apic2=-1 pin2=-1
[    0.028000] tsc: Detected 1800.000 MHz processor
[    0.028000] Calibrating delay loop (skipped), value calculated using timer frequency.. 3600.00 BogoMIPS (lpj=7200000)
[    0.028000] pid_max: default: 32768 minimum: 301
[    0.028000] Security Framework initialized
[    0.028000] Yama: becoming mindful.
[    0.028000] AppArmor: AppArmor initialized
[    0.028000] Dentry cache hash table entries: 2097152 (order: 12, 16777216 bytes)
[    0.028000] Inode-cache hash table entries: 1048576 (order: 11, 8388608 bytes)
[    0.028000] Mount-cache hash table entries: 32768 (order: 6, 262144 bytes)
[    0.028000] Mountpoint-cache hash table entries: 32768 (order: 6, 262144 bytes)
[    0.028000] ENERGY_PERF_BIAS: Set to 'normal', was 'performance'
[    0.028000] ENERGY_PERF_BIAS: View and update with x86_energy_perf_policy(8)
[    0.028000] CPU0: Thermal monitoring enabled (TM1)
[    0.028000] process: using mwait in idle threads
[    0.028000] Last level iTLB entries: 4KB 64, 2MB 8, 4MB 8
[    0.028000] Last level dTLB entries: 4KB 64, 2MB 0, 4MB 0, 1GB 4
[    0.028000] Spectre V1 : Mitigation: usercopy/swapgs barriers and __user pointer sanitization
[    0.028000] Spectre V2 : Mitigation: Full generic retpoline
[    0.028000] Spectre V2 : Spectre v2 / SpectreRSB mitigation: Filling RSB on context switch
[    0.028000] Spectre V2 : Enabling Restricted Speculation for firmware calls
[    0.028000] Spectre V2 : mitigation: Enabling conditional Indirect Branch Prediction Barrier
[    0.028000] Spectre V2 : User space: Mitigation: STIBP via seccomp and prctl
[    0.028000] Speculative Store Bypass: Mitigation: Speculative Store Bypass disabled via prctl and seccomp
[    0.028000] MDS: Mitigation: Clear CPU buffers
[    0.041392] Freeing SMP alternatives memory: 36K
[    0.044088] TSC deadline timer enabled
[    0.044092] smpboot: CPU0: Intel(R) Core(TM) i5-6260U CPU @ 1.80GHz (family: 0x6, model: 0x4e, stepping: 0x3)
[    0.044171] Performance Events: PEBS fmt3+, Skylake events, 32-deep LBR, full-width counters, Intel PMU driver.
[    0.044212] ... version:                4
[    0.044212] ... bit width:              48
[    0.044213] ... generic registers:      4
[    0.044214] ... value mask:             0000ffffffffffff
[    0.044215] ... max period:             00007fffffffffff
[    0.044215] ... fixed-purpose events:   3
[    0.044216] ... event mask:             000000070000000f
[    0.044262] Hierarchical SRCU implementation.
[    0.045487] NMI watchdog: Enabled. Permanently consumes one hw-PMU counter.
[    0.045502] smp: Bringing up secondary CPUs ...
[    0.045593] x86: Booting SMP configuration:
[    0.045594] .... node  #0, CPUs:      #1 #2
[    0.048798] MDS CPU bug present and SMT on, data leak possible. See https://www.kernel.org/doc/html/latest/admin-guide/hw-vuln/mds.html for more details.
[    0.048798]  #3
[    0.048798] smp: Brought up 1 node, 4 CPUs
[    0.048798] smpboot: Max logical packages: 1
[    0.048798] smpboot: Total of 4 processors activated (14400.00 BogoMIPS)
[    0.052387] devtmpfs: initialized
[    0.052387] x86/mm: Memory block size: 128MB
[    0.053480] evm: security.selinux
[    0.053481] evm: security.SMACK64
[    0.053481] evm: security.SMACK64EXEC
[    0.053482] evm: security.SMACK64TRANSMUTE
[    0.053482] evm: security.SMACK64MMAP
[    0.053483] evm: security.apparmor
[    0.053483] evm: security.ima
[    0.053484] evm: security.capability
[    0.053501] PM: Registering ACPI NVS region [mem 0x83300000-0x83300fff] (4096 bytes)
[    0.053501] PM: Registering ACPI NVS region [mem 0x8a582000-0x8ae73fff] (9379840 bytes)
[    0.053501] clocksource: jiffies: mask: 0xffffffff max_cycles: 0xffffffff, max_idle_ns: 7645041785100000 ns
[    0.053501] futex hash table entries: 1024 (order: 4, 65536 bytes)
[    0.053501] pinctrl core: initialized pinctrl subsystem
[    0.074372] RTC time: 10:56:53, date: 09/28/19
[    0.074486] NET: Registered protocol family 16
[    0.074591] audit: initializing netlink subsys (disabled)
[    0.074598] audit: type=2000 audit(1569668212.072:1): state=initialized audit_enabled=0 res=1
[    0.074598] cpuidle: using governor ladder
[    0.074598] cpuidle: using governor menu
[    0.074598] ACPI FADT declares the system doesn't support PCIe ASPM, so disable it
[    0.074598] ACPI: bus type PCI registered
[    0.074598] acpiphp: ACPI Hot Plug PCI Controller Driver version: 0.5
[    0.074598] PCI: MMCONFIG for domain 0000 [bus 00-ff] at [mem 0xe0000000-0xefffffff] (base 0xe0000000)
[    0.074598] PCI: MMCONFIG at [mem 0xe0000000-0xefffffff] reserved in E820
[    0.074598] PCI: Using configuration type 1 for base access
[    0.076494] HugeTLB registered 1.00 GiB page size, pre-allocated 0 pages
[    0.076494] HugeTLB registered 2.00 MiB page size, pre-allocated 0 pages
[    0.076494] ACPI: Added _OSI(Module Device)
[    0.076494] ACPI: Added _OSI(Processor Device)
[    0.076494] ACPI: Added _OSI(3.0 _SCP Extensions)
[    0.076494] ACPI: Added _OSI(Processor Aggregator Device)
[    0.076494] ACPI: Added _OSI(Linux-Dell-Video)
[    0.076494] ACPI: Added _OSI(Linux-Lenovo-NV-HDMI-Audio)
[    0.076494] ACPI: Added _OSI(Linux-HPI-Hybrid-Graphics)
[    0.077316] ACPI: Executed 25 blocks of module-level executable AML code
[    0.095684] ACPI: [Firmware Bug]: BIOS _OSI(Linux) query ignored
[    0.101087] ACPI: Dynamic OEM Table Load:
[    0.101095] ACPI: SSDT 0xFFFF9C279C3AC800 000558 (v02 PmRef  Cpu0Ist  00003000 INTL 20120913)
[    0.101618] ACPI: \_PR_.CPU0: _OSC native thermal LVT Acked
[    0.104061] ACPI: Dynamic OEM Table Load:
[    0.104068] ACPI: SSDT 0xFFFF9C279BDA7000 00037F (v02 PmRef  Cpu0Cst  00003001 INTL 20120913)
[    0.104658] ACPI: Dynamic OEM Table Load:
[    0.104662] ACPI: SSDT 0xFFFF9C279C393300 00008E (v02 PmRef  Cpu0Hwp  00003000 INTL 20120913)
[    0.105105] ACPI: Dynamic OEM Table Load:
[    0.105109] ACPI: SSDT 0xFFFF9C279BDA3E00 000130 (v02 PmRef  HwpLvt   00003000 INTL 20120913)
[    0.106333] ACPI: Dynamic OEM Table Load:
[    0.106341] ACPI: SSDT 0xFFFF9C279C3A8800 0005AA (v02 PmRef  ApIst    00003000 INTL 20120913)
[    0.107389] ACPI: Dynamic OEM Table Load:
[    0.107394] ACPI: SSDT 0xFFFF9C279BDA3A00 000119 (v02 PmRef  ApHwp    00003000 INTL 20120913)
[    0.107985] ACPI: Dynamic OEM Table Load:
[    0.107990] ACPI: SSDT 0xFFFF9C279BDA2E00 000119 (v02 PmRef  ApCst    00003000 INTL 20120913)
[    0.112969] ACPI: Interpreter enabled
[    0.113022] ACPI: (supports S0 S3 S4 S5)
[    0.113024] ACPI: Using IOAPIC for interrupt routing
[    0.113078] PCI: Using host bridge windows from ACPI; if necessary, use "pci=nocrs" and report a bug
[    0.114679] ACPI: Enabled 7 GPEs in block 00 to 7F
[    0.118871] ACPI: Power Resource [PG00] (on)
[    0.119464] ACPI: Power Resource [PG01] (on)
[    0.120030] ACPI: Power Resource [PG02] (on)
[    0.124243] ACPI: Power Resource [WRST] (on)
[    0.124840] ACPI: Power Resource [WRST] (on)
[    0.125433] ACPI: Power Resource [WRST] (on)
[    0.126019] ACPI: Power Resource [WRST] (on)
[    0.126603] ACPI: Power Resource [WRST] (on)
[    0.127189] ACPI: Power Resource [WRST] (on)
[    0.127776] ACPI: Power Resource [WRST] (on)
[    0.132367] ACPI: Power Resource [WRST] (on)
[    0.132949] ACPI: Power Resource [WRST] (on)
[    0.134059] ACPI: Power Resource [WRST] (on)
[    0.134651] ACPI: Power Resource [WRST] (on)
[    0.135246] ACPI: Power Resource [WRST] (on)
[    0.135840] ACPI: Power Resource [WRST] (on)
[    0.136431] ACPI: Power Resource [WRST] (on)
[    0.137014] ACPI: Power Resource [WRST] (on)
[    0.137600] ACPI: Power Resource [WRST] (on)
[    0.138184] ACPI: Power Resource [WRST] (on)
[    0.138770] ACPI: Power Resource [WRST] (on)
[    0.139353] ACPI: Power Resource [WRST] (on)
[    0.139940] ACPI: Power Resource [WRST] (on)
[    0.160593] ACPI: Power Resource [FN00] (off)
[    0.160753] ACPI: Power Resource [FN01] (off)
[    0.160910] ACPI: Power Resource [FN02] (off)
[    0.161064] ACPI: Power Resource [FN03] (off)
[    0.161216] ACPI: Power Resource [FN04] (off)
[    0.163347] ACPI: PCI Root Bridge [PCI0] (domain 0000 [bus 00-fe])
[    0.163354] acpi PNP0A08:00: _OSC: OS supports [ExtendedConfig ASPM ClockPM Segments MSI]
[    0.163420] acpi PNP0A08:00: _OSC failed (AE_ERROR); disabling ASPM
[    0.164804] PCI host bridge to bus 0000:00
[    0.164807] pci_bus 0000:00: root bus resource [io  0x0000-0x0cf7 window]
[    0.164809] pci_bus 0000:00: root bus resource [io  0x0d00-0xffff window]
[    0.164810] pci_bus 0000:00: root bus resource [mem 0x000a0000-0x000bffff window]
[    0.164811] pci_bus 0000:00: root bus resource [mem 0x90000000-0xdfffffff window]
[    0.164812] pci_bus 0000:00: root bus resource [mem 0xfd000000-0xfe7fffff window]
[    0.164814] pci_bus 0000:00: root bus resource [bus 00-fe]
[    0.164825] pci 0000:00:00.0: [8086:1904] type 00 class 0x060000
[    0.165380] pci 0000:00:02.0: [8086:1926] type 00 class 0x030000
[    0.165394] pci 0000:00:02.0: reg 0x10: [mem 0xde000000-0xdeffffff 64bit]
[    0.165401] pci 0000:00:02.0: reg 0x18: [mem 0xc0000000-0xcfffffff 64bit pref]
[    0.165406] pci 0000:00:02.0: reg 0x20: [io  0xf000-0xf03f]
[    0.165700] pci 0000:00:14.0: [8086:9d2f] type 00 class 0x0c0330
[    0.165727] pci 0000:00:14.0: reg 0x10: [mem 0xdf230000-0xdf23ffff 64bit]
[    0.165805] pci 0000:00:14.0: PME# supported from D3hot D3cold
[    0.166137] pci 0000:00:14.2: [8086:9d31] type 00 class 0x118000
[    0.166160] pci 0000:00:14.2: reg 0x10: [mem 0xdf250000-0xdf250fff 64bit]
[    0.166401] pci 0000:00:16.0: [8086:9d3a] type 00 class 0x078000
[    0.166423] pci 0000:00:16.0: reg 0x10: [mem 0xdf24f000-0xdf24ffff 64bit]
[    0.166485] pci 0000:00:16.0: PME# supported from D3hot
[    0.166726] pci 0000:00:17.0: [8086:9d03] type 00 class 0x010601
[    0.166748] pci 0000:00:17.0: reg 0x10: [mem 0xdf248000-0xdf249fff]
[    0.166757] pci 0000:00:17.0: reg 0x14: [mem 0xdf24e000-0xdf24e0ff]
[    0.166767] pci 0000:00:17.0: reg 0x18: [io  0xf090-0xf097]
[    0.166776] pci 0000:00:17.0: reg 0x1c: [io  0xf080-0xf083]
[    0.166786] pci 0000:00:17.0: reg 0x20: [io  0xf060-0xf07f]
[    0.166796] pci 0000:00:17.0: reg 0x24: [mem 0xdf24d000-0xdf24d7ff]
[    0.166848] pci 0000:00:17.0: PME# supported from D3hot
[    0.167093] pci 0000:00:1c.0: [8086:9d14] type 01 class 0x060400
[    0.167195] pci 0000:00:1c.0: PME# supported from D0 D3hot D3cold
[    0.167504] pci 0000:00:1d.0: [8086:9d18] type 01 class 0x060400
[    0.167601] pci 0000:00:1d.0: PME# supported from D0 D3hot D3cold
[    0.168000] pci 0000:00:1e.0: [8086:9d27] type 00 class 0x118000
[    0.168264] pci 0000:00:1e.0: reg 0x10: [mem 0xdf24c000-0xdf24cfff 64bit]
[    0.169267] pci 0000:00:1e.6: [8086:9d2d] type 00 class 0x080501
[    0.169295] pci 0000:00:1e.6: reg 0x10: [mem 0xdf24b000-0xdf24bfff 64bit]
[    0.169619] pci 0000:00:1f.0: [8086:9d48] type 00 class 0x060100
[    0.169965] pci 0000:00:1f.2: [8086:9d21] type 00 class 0x058000
[    0.169983] pci 0000:00:1f.2: reg 0x10: [mem 0xdf244000-0xdf247fff]
[    0.170267] pci 0000:00:1f.3: [8086:9d70] type 00 class 0x040300
[    0.170298] pci 0000:00:1f.3: reg 0x10: [mem 0xdf240000-0xdf243fff 64bit]
[    0.170335] pci 0000:00:1f.3: reg 0x20: [mem 0xdf220000-0xdf22ffff 64bit]
[    0.170398] pci 0000:00:1f.3: PME# supported from D3hot D3cold
[    0.170719] pci 0000:00:1f.4: [8086:9d23] type 00 class 0x0c0500
[    0.170779] pci 0000:00:1f.4: reg 0x10: [mem 0xdf24a000-0xdf24a0ff 64bit]
[    0.170848] pci 0000:00:1f.4: reg 0x20: [io  0xf040-0xf05f]
[    0.171151] pci 0000:00:1f.6: [8086:1570] type 00 class 0x020000
[    0.171178] pci 0000:00:1f.6: reg 0x10: [mem 0xdf200000-0xdf21ffff]
[    0.171295] pci 0000:00:1f.6: PME# supported from D0 D3hot D3cold
[    0.171987] pci 0000:01:00.0: [8086:24f3] type 00 class 0x028000
[    0.172104] pci 0000:01:00.0: reg 0x10: [mem 0xdf100000-0xdf101fff 64bit]
[    0.172667] pci 0000:01:00.0: PME# supported from D0 D3hot D3cold
[    0.184306] pci 0000:00:1c.0: PCI bridge to [bus 01]
[    0.184312] pci 0000:00:1c.0:   bridge window [mem 0xdf100000-0xdf1fffff]
[    0.184508] pci 0000:02:00.0: [144d:a802] type 00 class 0x010802
[    0.184541] pci 0000:02:00.0: reg 0x10: [mem 0xdf010000-0xdf013fff 64bit]
[    0.184551] pci 0000:02:00.0: reg 0x18: [io  0xe000-0xe0ff]
[    0.184587] pci 0000:02:00.0: reg 0x30: [mem 0xdf000000-0xdf00ffff pref]
[    0.196102] pci 0000:00:1d.0: PCI bridge to [bus 02]
[    0.196106] pci 0000:00:1d.0:   bridge window [io  0xe000-0xefff]
[    0.196109] pci 0000:00:1d.0:   bridge window [mem 0xdf000000-0xdf0fffff]
[    0.199629] ACPI: PCI Interrupt Link [LNKA] (IRQs 3 4 5 6 10 *11 12 14 15)
[    0.199741] ACPI: PCI Interrupt Link [LNKB] (IRQs 3 4 5 6 *10 11 12 14 15)
[    0.199851] ACPI: PCI Interrupt Link [LNKC] (IRQs 3 4 5 6 10 *11 12 14 15)
[    0.199960] ACPI: PCI Interrupt Link [LNKD] (IRQs 3 4 5 6 10 *11 12 14 15)
[    0.200069] ACPI: PCI Interrupt Link [LNKE] (IRQs 3 4 5 6 10 *11 12 14 15)
[    0.200178] ACPI: PCI Interrupt Link [LNKF] (IRQs 3 4 5 6 10 *11 12 14 15)
[    0.200287] ACPI: PCI Interrupt Link [LNKG] (IRQs 3 4 5 6 10 *11 12 14 15)
[    0.200394] ACPI: PCI Interrupt Link [LNKH] (IRQs 3 4 5 6 10 *11 12 14 15)
[    0.201533] SCSI subsystem initialized
[    0.201546] libata version 3.00 loaded.
[    0.201546] pci 0000:00:02.0: vgaarb: setting as boot VGA device
[    0.201546] pci 0000:00:02.0: vgaarb: VGA device added: decodes=io+mem,owns=io+mem,locks=none
[    0.201546] pci 0000:00:02.0: vgaarb: bridge control possible
[    0.201546] vgaarb: loaded
[    0.201546] ACPI: bus type USB registered
[    0.201546] usbcore: registered new interface driver usbfs
[    0.201546] usbcore: registered new interface driver hub
[    0.201546] usbcore: registered new device driver usb
[    0.201546] EDAC MC: Ver: 3.0.0
[    0.201546] PCI: Using ACPI for IRQ routing
[    0.230368] PCI: pci_cache_line_size set to 64 bytes
[    0.231036] e820: reserve RAM buffer [mem 0x00096400-0x0009ffff]
[    0.231037] e820: reserve RAM buffer [mem 0x83300000-0x83ffffff]
[    0.231038] e820: reserve RAM buffer [mem 0x8a248000-0x8bffffff]
[    0.231040] e820: reserve RAM buffer [mem 0x8b300000-0x8bffffff]
[    0.231041] e820: reserve RAM buffer [mem 0x46f000000-0x46fffffff]
[    0.231138] NetLabel: Initializing
[    0.231138] NetLabel:  domain hash size = 128
[    0.231139] NetLabel:  protocols = UNLABELED CIPSOv4 CALIPSO
[    0.231157] NetLabel:  unlabeled traffic allowed by default
[    0.231172] hpet0: at MMIO 0xfed00000, IRQs 2, 8, 0, 0, 0, 0, 0, 0
[    0.231172] hpet0: 8 comparators, 64-bit 24.000000 MHz counter
[    0.233042] clocksource: Switched to clocksource hpet
[    0.243426] VFS: Disk quotas dquot_6.6.0
[    0.243442] VFS: Dquot-cache hash table entries: 512 (order 0, 4096 bytes)
[    0.243551] AppArmor: AppArmor Filesystem Enabled
[    0.243578] pnp: PnP ACPI init
[    0.244090] system 00:00: [io  0x0a00-0x0a2f] has been reserved
[    0.244092] system 00:00: [io  0x0a30-0x0a3f] has been reserved
[    0.244093] system 00:00: [io  0x0a40-0x0a4f] has been reserved
[    0.244099] system 00:00: Plug and Play ACPI device, IDs PNP0c02 (active)
[    0.244681] pnp 00:01: [dma 0 disabled]
[    0.244716] pnp 00:01: Plug and Play ACPI device, IDs ITE8713 (active)
[    0.244926] system 00:02: [io  0x0680-0x069f] has been reserved
[    0.244927] system 00:02: [io  0xffff] has been reserved
[    0.244929] system 00:02: [io  0xffff] has been reserved
[    0.244930] system 00:02: [io  0xffff] has been reserved
[    0.244932] system 00:02: [io  0x1800-0x18fe] has been reserved
[    0.244933] system 00:02: [io  0x164e-0x164f] has been reserved
[    0.244937] system 00:02: Plug and Play ACPI device, IDs PNP0c02 (active)
[    0.245079] pnp 00:03: Plug and Play ACPI device, IDs PNP0b00 (active)
[    0.245134] system 00:04: [io  0x1854-0x1857] has been reserved
[    0.245138] system 00:04: Plug and Play ACPI device, IDs INT3f0d PNP0c02 (active)
[    0.245514] system 00:05: [mem 0xfed10000-0xfed17fff] has been reserved
[    0.245515] system 00:05: [mem 0xfed18000-0xfed18fff] has been reserved
[    0.245517] system 00:05: [mem 0xfed19000-0xfed19fff] has been reserved
[    0.245518] system 00:05: [mem 0xe0000000-0xefffffff] has been reserved
[    0.245520] system 00:05: [mem 0xfed20000-0xfed3ffff] has been reserved
[    0.245521] system 00:05: [mem 0xfed90000-0xfed93fff] could not be reserved
[    0.245523] system 00:05: [mem 0xfed45000-0xfed8ffff] has been reserved
[    0.245524] system 00:05: [mem 0xff000000-0xffffffff] has been reserved
[    0.245526] system 00:05: [mem 0xfee00000-0xfeefffff] could not be reserved
[    0.245528] system 00:05: [mem 0xdffe0000-0xdfffffff] has been reserved
[    0.245532] system 00:05: Plug and Play ACPI device, IDs PNP0c02 (active)
[    0.245596] system 00:06: [mem 0xfd000000-0xfdabffff] has been reserved
[    0.245597] system 00:06: [mem 0xfdad0000-0xfdadffff] has been reserved
[    0.245598] system 00:06: [mem 0xfdb00000-0xfdffffff] has been reserved
[    0.245600] system 00:06: [mem 0xfe000000-0xfe01ffff] could not be reserved
[    0.245601] system 00:06: [mem 0xfe036000-0xfe03bfff] has been reserved
[    0.245603] system 00:06: [mem 0xfe03d000-0xfe3fffff] has been reserved
[    0.245604] system 00:06: [mem 0xfe410000-0xfe7fffff] has been reserved
[    0.245608] system 00:06: Plug and Play ACPI device, IDs PNP0c02 (active)
[    0.246075] system 00:07: [io  0xff00-0xfffe] has been reserved
[    0.246079] system 00:07: Plug and Play ACPI device, IDs PNP0c02 (active)
[    0.247854] system 00:08: [mem 0xfe029000-0xfe029fff] has been reserved
[    0.247855] system 00:08: [mem 0xfe028000-0xfe028fff] has been reserved
[    0.247859] system 00:08: Plug and Play ACPI device, IDs PNP0c02 (active)
[    0.249386] pnp: PnP ACPI: found 9 devices
[    0.258231] clocksource: acpi_pm: mask: 0xffffff max_cycles: 0xffffff, max_idle_ns: 2085701024 ns
[    0.258264] pci 0000:00:1c.0: PCI bridge to [bus 01]
[    0.258275] pci 0000:00:1c.0:   bridge window [mem 0xdf100000-0xdf1fffff]
[    0.258283] pci 0000:00:1d.0: PCI bridge to [bus 02]
[    0.258285] pci 0000:00:1d.0:   bridge window [io  0xe000-0xefff]
[    0.258289] pci 0000:00:1d.0:   bridge window [mem 0xdf000000-0xdf0fffff]
[    0.258297] pci_bus 0000:00: resource 4 [io  0x0000-0x0cf7 window]
[    0.258299] pci_bus 0000:00: resource 5 [io  0x0d00-0xffff window]
[    0.258300] pci_bus 0000:00: resource 6 [mem 0x000a0000-0x000bffff window]
[    0.258301] pci_bus 0000:00: resource 7 [mem 0x90000000-0xdfffffff window]
[    0.258302] pci_bus 0000:00: resource 8 [mem 0xfd000000-0xfe7fffff window]
[    0.258304] pci_bus 0000:01: resource 1 [mem 0xdf100000-0xdf1fffff]
[    0.258305] pci_bus 0000:02: resource 0 [io  0xe000-0xefff]
[    0.258306] pci_bus 0000:02: resource 1 [mem 0xdf000000-0xdf0fffff]
[    0.258530] NET: Registered protocol family 2
[    0.258743] TCP established hash table entries: 131072 (order: 8, 1048576 bytes)
[    0.258952] TCP bind hash table entries: 65536 (order: 8, 1048576 bytes)
[    0.259060] TCP: Hash tables configured (established 131072 bind 65536)
[    0.259095] UDP hash table entries: 8192 (order: 6, 262144 bytes)
[    0.259141] UDP-Lite hash table entries: 8192 (order: 6, 262144 bytes)
[    0.259209] NET: Registered protocol family 1
[    0.259224] pci 0000:00:02.0: Video device with shadowed ROM at [mem 0x000c0000-0x000dffff]
[    0.259964] PCI: CLS 0 bytes, default 64
[    0.259998] Unpacking initramfs...
[    1.280632] Freeing initrd memory: 53968K
[    1.280698] DMAR: ACPI device "device:67" under DMAR at fed91000 as 00:1e.0
[    1.280714] PCI-DMA: Using software bounce buffering for IO (SWIOTLB)
[    1.280716] software IO TLB: mapped [mem 0x86248000-0x8a248000] (64MB)
[    1.280962] clocksource: tsc: mask: 0xffffffffffffffff max_cycles: 0x19f2297dd97, max_idle_ns: 440795236593 ns
[    1.281111] Scanning for low memory corruption every 60 seconds
[    1.281943] Initialise system trusted keyrings
[    1.281953] Key type blacklist registered
[    1.282051] workingset: timestamp_bits=36 max_order=22 bucket_order=0
[    1.283303] zbud: loaded
[    1.283964] squashfs: version 4.0 (2009/01/31) Phillip Lougher
[    1.284210] fuse init (API version 7.26)
[    1.287752] Key type asymmetric registered
[    1.287753] Asymmetric key parser 'x509' registered
[    1.287783] Block layer SCSI generic (bsg) driver version 0.4 loaded (major 246)
[    1.287855] io scheduler noop registered
[    1.287856] io scheduler deadline registered
[    1.287884] io scheduler cfq registered (default)
[    1.288604] vesafb: mode is 640x480x32, linelength=2560, pages=0
[    1.288604] vesafb: scrolling: redraw
[    1.288606] vesafb: Truecolor: size=8:8:8:8, shift=24:16:8:0
[    1.288616] vesafb: framebuffer at 0xc0000000, mapped to 0x        (ptrval), using 1216k, total 1216k
[    1.288713] Console: switching to colour frame buffer device 80x30
[    1.288723] fb0: VESA VGA frame buffer device
[    1.288739] intel_idle: MWAIT substates: 0x11142120
[    1.288740] intel_idle: v0.4.1 model 0x4E
[    1.289031] intel_idle: lapic_timer_reliable_states 0xffffffff
[    1.289233] input: Sleep Button as /devices/LNXSYSTM:00/LNXSYBUS:00/PNP0C0E:00/input/input0
[    1.289253] ACPI: Sleep Button [SLPB]
[    1.289288] input: Power Button as /devices/LNXSYSTM:00/LNXSYBUS:00/PNP0C0C:00/input/input1
[    1.289309] ACPI: Power Button [PWRB]
[    1.289343] input: Power Button as /devices/LNXSYSTM:00/LNXPWRBN:00/input/input2
[    1.289403] ACPI: Power Button [PWRF]
[    1.349986] (NULL device *): hwmon_device_register() is deprecated. Please convert the driver to use hwmon_device_register_with_info().
[    1.408529] thermal LNXTHERM:00: registered as thermal_zone0
[    1.408532] ACPI: Thermal Zone [TZ00] (28 C)
[    1.408822] thermal LNXTHERM:01: registered as thermal_zone1
[    1.408823] ACPI: Thermal Zone [TZ01] (30 C)
[    1.409176] Serial: 8250/16550 driver, 32 ports, IRQ sharing enabled
[    1.413796] Linux agpgart interface v0.103
[    1.416180] loop: module loaded
[    1.416351] libphy: Fixed MDIO Bus: probed
[    1.416352] tun: Universal TUN/TAP device driver, 1.6
[    1.416456] PPP generic driver version 2.4.2
[    1.416570] ehci_hcd: USB 2.0 'Enhanced' Host Controller (EHCI) Driver
[    1.416572] ehci-pci: EHCI PCI platform driver
[    1.416582] ehci-platform: EHCI generic platform driver
[    1.416591] ohci_hcd: USB 1.1 'Open' Host Controller (OHCI) Driver
[    1.416593] ohci-pci: OHCI PCI platform driver
[    1.416601] ohci-platform: OHCI generic platform driver
[    1.416608] uhci_hcd: USB Universal Host Controller Interface driver
[    1.416839] xhci_hcd 0000:00:14.0: xHCI Host Controller
[    1.416844] xhci_hcd 0000:00:14.0: new USB bus registered, assigned bus number 1
[    1.417976] xhci_hcd 0000:00:14.0: hcc params 0x200077c1 hci version 0x100 quirks 0x0000000001109810
[    1.417981] xhci_hcd 0000:00:14.0: cache line size of 64 is not supported
[    1.418158] usb usb1: New USB device found, idVendor=1d6b, idProduct=0002
[    1.418160] usb usb1: New USB device strings: Mfr=3, Product=2, SerialNumber=1
[    1.418161] usb usb1: Product: xHCI Host Controller
[    1.418162] usb usb1: Manufacturer: Linux 4.15.0-64-generic xhci-hcd
[    1.418163] usb usb1: SerialNumber: 0000:00:14.0
[    1.418338] hub 1-0:1.0: USB hub found
[    1.418362] hub 1-0:1.0: 12 ports detected
[    1.420052] xhci_hcd 0000:00:14.0: xHCI Host Controller
[    1.420055] xhci_hcd 0000:00:14.0: new USB bus registered, assigned bus number 2
[    1.420059] xhci_hcd 0000:00:14.0: Host supports USB 3.0  SuperSpeed
[    1.420104] usb usb2: New USB device found, idVendor=1d6b, idProduct=0003
[    1.420105] usb usb2: New USB device strings: Mfr=3, Product=2, SerialNumber=1
[    1.420107] usb usb2: Product: xHCI Host Controller
[    1.420108] usb usb2: Manufacturer: Linux 4.15.0-64-generic xhci-hcd
[    1.420109] usb usb2: SerialNumber: 0000:00:14.0
[    1.420280] hub 2-0:1.0: USB hub found
[    1.420299] hub 2-0:1.0: 6 ports detected
[    1.421434] i8042: PNP: No PS/2 controller found.
[    1.421637] mousedev: PS/2 mouse device common for all mice
[    1.422065] rtc_cmos 00:03: RTC can wake from S4
[    1.422477] rtc_cmos 00:03: rtc core: registered rtc_cmos as rtc0
[    1.422566] rtc_cmos 00:03: alarms up to one month, y3k, 242 bytes nvram, hpet irqs
[    1.422574] i2c /dev entries driver
[    1.422625] device-mapper: uevent: version 1.0.3
[    1.422708] device-mapper: ioctl: 4.37.0-ioctl (2017-09-20) initialised: dm-devel@redhat.com
[    1.422711] intel_pstate: Intel P-state driver initializing
[    1.423298] intel_pstate: HWP enabled
[    1.423543] ledtrig-cpu: registered to indicate activity on CPUs
[    1.424201] intel_pmc_core:  initialized
[    1.424426] NET: Registered protocol family 10
[    1.430567] Segment Routing with IPv6
[    1.430584] NET: Registered protocol family 17
[    1.430705] Key type dns_resolver registered
[    1.431188] mce: Using 9 MCE banks
[    1.431196] RAS: Correctable Errors collector initialized.
[    1.431220] microcode: sig=0x406e3, pf=0x40, revision=0xcc
[    1.431604] microcode: Microcode Update Driver: v2.2.
[    1.431614] sched_clock: Marking stable (1431601174, 0)->(1409972513, 21628661)
[    1.431989] registered taskstats version 1
[    1.431995] Loading compiled-in X.509 certificates
[    1.434508] Loaded X.509 cert 'Build time autogenerated kernel key: 45dbd508c6cc151f66b48352b19ecc9ce7c9b4d2'
[    1.434527] zswap: loaded using pool lzo/zbud
[    1.439518] Key type big_key registered
[    1.439521] Key type trusted registered
[    1.442118] Key type encrypted registered
[    1.442120] AppArmor: AppArmor sha1 policy hashing enabled
[    1.442122] ima: No TPM chip found, activating TPM-bypass! (rc=-19)
[    1.442131] ima: Allocated hash algorithm: sha1
[    1.442139] evm: HMAC attrs: 0x1
[    1.443549]   Magic number: 3:75:933
[    1.443777] rtc_cmos 00:03: setting system clock to 2019-09-28 10:56:54 UTC (1569668214)
[    1.443870] BIOS EDD facility v0.16 2004-Jun-25, 0 devices found
[    1.443870] EDD information not available.
[    1.837885] Freeing unused kernel image memory: 2428K
[    1.860153] Write protecting the kernel read-only data: 20480k
[    1.861517] Freeing unused kernel image memory: 2008K
[    1.861803] Freeing unused kernel image memory: 1960K
[    1.868801] x86/mm: Checked W+X mappings: passed, no W+X pages found.
[    1.868802] x86/mm: Checking user space page tables
[    1.875384] x86/mm: Checked W+X mappings: passed, no W+X pages found.
[    1.886384] random: systemd-udevd: uninitialized urandom read (16 bytes read)
[    1.886482] random: systemd-udevd: uninitialized urandom read (16 bytes read)
[    1.886495] random: systemd-udevd: uninitialized urandom read (16 bytes read)
[    1.981958] sdhci: Secure Digital Host Controller Interface driver
[    1.981959] sdhci: Copyright(c) Pierre Ossman
[    1.982849] nvme nvme0: pci function 0000:02:00.0
[    1.984718] pps_core: LinuxPPS API ver. 1 registered
[    1.984719] pps_core: Software ver. 5.3.6 - Copyright 2005-2007 Rodolfo Giometti <giometti@linux.it>
[    1.986147] PTP clock support registered
[    1.986798] ahci 0000:00:17.0: version 3.0
[    1.987018] ahci 0000:00:17.0: AHCI 0001.0301 32 slots 1 ports 6 Gbps 0x1 impl SATA mode
[    1.987021] ahci 0000:00:17.0: flags: 64bit ncq pm led clo only pio slum part deso sadm sds apst 
[    1.987309] scsi host0: ahci
[    1.987362] ata1: SATA max UDMA/133 abar m2048@0xdf24d000 port 0xdf24d100 irq 124
[    1.987388] sdhci-pci 0000:00:1e.6: SDHCI controller found [8086:9d2d] (rev 21)
[    1.987632] sdhci-pci 0000:00:1e.6: failed to setup card detect gpio
[    1.987783] mmc0: SDHCI controller on PCI [0000:00:1e.6] using ADMA 64-bit
[    1.990266] e1000e: Intel(R) PRO/1000 Network Driver - 3.2.6-k
[    1.990267] e1000e: Copyright(c) 1999 - 2015 Intel Corporation.
[    1.990421] e1000e 0000:00:1f.6: Interrupt Throttling Rate (ints/sec) set to dynamic conservative mode
[    2.068140] usb 1-7: new full-speed USB device number 2 using xhci_hcd
[    2.108327]  nvme0n1: p1
[    2.201508] e1000e 0000:00:1f.6 0000:00:1f.6 (uninitialized): registered PHC clock
[    2.217568] usb 1-7: New USB device found, idVendor=8087, idProduct=0a2b
[    2.217570] usb 1-7: New USB device strings: Mfr=0, Product=0, SerialNumber=0
[    2.272227] e1000e 0000:00:1f.6 eth0: (PCI Express:2.5GT/s:Width x1) b8:ae:ed:ea:ec:0f
[    2.272229] e1000e 0000:00:1f.6 eth0: Intel(R) PRO/1000 Network Connection
[    2.272346] e1000e 0000:00:1f.6 eth0: MAC: 12, PHY: 12, PBA No: FFFFFF-0FF
[    2.272918] [drm] Found 64MB of eDRAM
[    2.273397] e1000e 0000:00:1f.6 eno1: renamed from eth0
[    2.275388] [drm] Memory usable by graphics device = 4096M
[    2.275390] checking generic (c0000000 130000) vs hw (c0000000 10000000)
[    2.275390] fb: switching to inteldrmfb from VESA VGA
[    2.275405] Console: switching to colour dummy device 80x25
[    2.275716] [drm] Replacing VGA console driver
[    2.281781] [drm] Supports vblank timestamp caching Rev 2 (21.10.2013).
[    2.281782] [drm] Driver supports precise vblank timestamp query.
[    2.286142] i915 0000:00:02.0: vgaarb: changed VGA decodes: olddecodes=io+mem,decodes=io+mem:owns=io+mem
[    2.286538] [drm] Finished loading DMC firmware i915/skl_dmc_ver1_26.bin (v1.26)
[    2.291276] [drm] Initialized i915 1.6.0 20171023 for 0000:00:02.0 on minor 0
[    2.294012] ACPI: Video Device [GFX0] (multi-head: yes  rom: no  post: no)
[    2.294356] input: Video Bus as /devices/LNXSYSTM:00/LNXSYBUS:00/PNP0A08:00/LNXVIDEO:00/input/input3
[    2.300496] clocksource: Switched to clocksource tsc
[    2.304221] ata1: SATA link down (SStatus 4 SControl 300)
[    2.336897] [drm] Cannot find any crtc or sizes
[    2.360110] [drm] Cannot find any crtc or sizes
[    2.379910] random: fast init done
[    2.570208] EXT4-fs (nvme0n1p1): mounted filesystem with ordered data mode. Opts: (null)
[    2.627007] systemd[1]: systemd 229 running in system mode. (+PAM +AUDIT +SELINUX +IMA +APPARMOR +SMACK +SYSVINIT +UTMP +LIBCRYPTSETUP +GCRYPT +GNUTLS +ACL +XZ -LZ4 +SECCOMP +BLKID +ELFUTILS +KMOD -IDN)
[    2.644181] systemd[1]: Detected architecture x86-64.
[    2.644279] systemd[1]: Set hostname to <doocong.com>.
[    2.686203] systemd[1]: Reached target Remote File Systems (Pre).
[    2.686255] systemd[1]: Reached target Encrypted Volumes.
[    2.686285] systemd[1]: Started Trigger resolvconf update for networkd DNS.
[    2.686316] systemd[1]: Started Forward Password Requests to Wall Directory Watch.
[    2.686348] systemd[1]: Listening on Journal Socket (/dev/log).
[    2.686366] systemd[1]: Listening on Syslog Socket.
[    2.686383] systemd[1]: Listening on udev Kernel Socket.
[    2.712091] lp: driver loaded but no devices found
[    2.715707] ppdev: user-space parallel port driver
[    2.754549] EXT4-fs (nvme0n1p1): re-mounted. Opts: errors=remount-ro
[    2.762192] random: crng init done
[    2.762193] random: 7 urandom warning(s) missed due to ratelimiting
[    2.779114] systemd-journald[244]: Received request to flush runtime journal from PID 1
[    2.917009] audit: type=1400 audit(1569668215.968:2): apparmor="STATUS" operation="profile_load" profile="unconfined" name="/sbin/dhclient" pid=455 comm="apparmor_parser"
[    2.917012] audit: type=1400 audit(1569668215.968:3): apparmor="STATUS" operation="profile_load" profile="unconfined" name="/usr/lib/NetworkManager/nm-dhcp-client.action" pid=455 comm="apparmor_parser"
[    2.917014] audit: type=1400 audit(1569668215.968:4): apparmor="STATUS" operation="profile_load" profile="unconfined" name="/usr/lib/NetworkManager/nm-dhcp-helper" pid=455 comm="apparmor_parser"
[    2.917017] audit: type=1400 audit(1569668215.968:5): apparmor="STATUS" operation="profile_load" profile="unconfined" name="/usr/lib/connman/scripts/dhclient-script" pid=455 comm="apparmor_parser"
[    2.922235] audit: type=1400 audit(1569668215.972:6): apparmor="STATUS" operation="profile_load" profile="unconfined" name="/usr/lib/lightdm/lightdm-guest-session" pid=454 comm="apparmor_parser"
[    2.922238] audit: type=1400 audit(1569668215.972:7): apparmor="STATUS" operation="profile_load" profile="unconfined" name="/usr/lib/lightdm/lightdm-guest-session//chromium" pid=454 comm="apparmor_parser"
[    2.922639] audit: type=1400 audit(1569668215.972:8): apparmor="STATUS" operation="profile_load" profile="unconfined" name="/usr/lib/snapd/snap-confine" pid=459 comm="apparmor_parser"
[    2.922642] audit: type=1400 audit(1569668215.972:9): apparmor="STATUS" operation="profile_load" profile="unconfined" name="/usr/lib/snapd/snap-confine//mount-namespace-capture-helper" pid=459 comm="apparmor_parser"
[    2.923756] audit: type=1400 audit(1569668215.972:10): apparmor="STATUS" operation="profile_load" profile="unconfined" name="webbrowser-app" pid=458 comm="apparmor_parser"
[    3.218531] IPv6: ADDRCONF(NETDEV_UP): eno1: link is not ready
[    3.252880] ite_cir: Auto-detected model: ITE8713 CIR transceiver
[    3.252881] ite_cir: Using model: ITE8713 CIR transceiver
[    3.252882] ite_cir: TX-capable: 1
[    3.252882] ite_cir: Sample period (ns): 8680
[    3.252883] ite_cir: TX carrier frequency (Hz): 38000
[    3.252884] ite_cir: TX duty cycle (%): 33
[    3.252884] ite_cir: RX low carrier frequency (Hz): 0
[    3.252885] ite_cir: RX high carrier frequency (Hz): 0
[    3.259833] lirc_dev: IR Remote Control driver registered, major 240
[    3.261566] IR LIRC bridge handler initialized
[    3.292087] Registered IR keymap rc-rc6-mce
[    3.304166] IR RC6 protocol handler initialized
[    3.324269] [drm] RC6 on
[    3.332076] rc rc0: ITE8713 CIR transceiver as /devices/virtual/rc/rc0
[    3.332137] input: ITE8713 CIR transceiver as /devices/virtual/rc/rc0/input4
[    3.336111] lirc lirc0: lirc_dev: driver ir-lirc-codec (ite-cir) registered at minor = 0
[    3.336134] ite_cir: driver has been successfully loaded
[    3.349301] aufs 4.15-20180219
[    3.355342] (NULL device *): hwmon_device_register() is deprecated. Please convert the driver to use hwmon_device_register_with_info().
[    3.358692] mei_me 0000:00:16.0: enabling device (0000 -> 0002)
[    3.380416] shpchp: Standard Hot Plug PCI Controller Driver version: 0.4
[    3.412259] IPv6: ADDRCONF(NETDEV_UP): eno1: link is not ready
[    3.430060] intel-lpss 0000:00:1e.0: enabling device (0000 -> 0002)
[    3.477707] cfg80211: Loading compiled-in X.509 certificates for regulatory database
[    3.479163] idma64 idma64.0: Found Intel integrated DMA 64-bit
[    3.479994] Bluetooth: Core ver 2.22
[    3.480085] NET: Registered protocol family 31
[    3.480086] Bluetooth: HCI device and connection manager initialized
[    3.480089] Bluetooth: HCI socket layer initialized
[    3.480091] Bluetooth: L2CAP socket layer initialized
[    3.480096] Bluetooth: SCO socket layer initialized
[    3.484327] RAPL PMU: API unit is 2^-32 Joules, 5 fixed counters, 655360 ms ovfl timer
[    3.484329] RAPL PMU: hw unit of domain pp0-core 2^-14 Joules
[    3.484329] RAPL PMU: hw unit of domain package 2^-14 Joules
[    3.484330] RAPL PMU: hw unit of domain dram 2^-14 Joules
[    3.484331] RAPL PMU: hw unit of domain pp1-gpu 2^-14 Joules
[    3.484331] RAPL PMU: hw unit of domain psys 2^-14 Joules
[    3.492366] cfg80211: Loaded X.509 cert 'sforshee: 00b28ddf47aef9cea7'
[    3.493007] platform regulatory.0: Direct firmware load for regulatory.db failed with error -2
[    3.493009] cfg80211: failed to load regulatory.db
[    3.503338] Intel(R) Wireless WiFi driver for Linux
[    3.503339] Copyright(c) 2003- 2015 Intel Corporation
[    3.503800] usbcore: registered new interface driver btusb
[    3.510514] AVX2 version of gcm_enc/dec engaged.
[    3.510516] AES CTR mode by8 optimization enabled
[    3.514813] Bluetooth: hci0: Bootloader revision 0.0 build 2 week 52 2014
[    3.515467] iwlwifi 0000:01:00.0: loaded firmware version 34.0.1 op_mode iwlmvm
[    3.520829] Bluetooth: hci0: Device revision is 5
[    3.520831] Bluetooth: hci0: Secure boot is enabled
[    3.520831] Bluetooth: hci0: OTP lock is enabled
[    3.520832] Bluetooth: hci0: API lock is enabled
[    3.520833] Bluetooth: hci0: Debug lock is disabled
[    3.520834] Bluetooth: hci0: Minimum firmware build 1 week 10 2014
[    3.522299] Bluetooth: hci0: Found device firmware: intel/ibt-11-5.sfi
[    3.558817] iwlwifi 0000:01:00.0: Detected Intel(R) Dual Band Wireless AC 8260, REV=0x208
[    3.639758] iwlwifi 0000:01:00.0: base HW address: 00:c2:c6:bd:5e:8e
[    3.676095] snd_hda_intel 0000:00:1f.3: bound 0000:00:02.0 (ops i915_audio_component_bind_ops [i915])
[    3.683400] intel_rapl: Found RAPL domain package
[    3.683402] intel_rapl: Found RAPL domain core
[    3.683403] intel_rapl: Found RAPL domain uncore
[    3.683404] intel_rapl: Found RAPL domain dram
[    3.725266] snd_hda_codec_realtek hdaudioC0D0: autoconfig for ALC283: line_outs=1 (0x21/0x0/0x0/0x0/0x0) type:hp
[    3.725268] snd_hda_codec_realtek hdaudioC0D0:    speaker_outs=0 (0x0/0x0/0x0/0x0/0x0)
[    3.725270] snd_hda_codec_realtek hdaudioC0D0:    hp_outs=0 (0x0/0x0/0x0/0x0/0x0)
[    3.725271] snd_hda_codec_realtek hdaudioC0D0:    mono: mono_out=0x0
[    3.725272] snd_hda_codec_realtek hdaudioC0D0:    inputs:
[    3.725274] snd_hda_codec_realtek hdaudioC0D0:      Mic=0x19
[    3.733487] ieee80211 phy0: Selected rate control algorithm 'iwl-mvm-rs'
[    3.733829] (NULL device *): hwmon_device_register() is deprecated. Please convert the driver to use hwmon_device_register_with_info().
[    3.733852] thermal thermal_zone4: failed to read out thermal zone (-61)
[    3.781595] input: HDA Intel PCH Mic as /devices/pci0000:00/0000:00:1f.3/sound/card0/input5
[    3.781650] input: HDA Intel PCH Headphone as /devices/pci0000:00/0000:00:1f.3/sound/card0/input6
[    3.781702] input: HDA Intel PCH HDMI/DP,pcm=3 as /devices/pci0000:00/0000:00:1f.3/sound/card0/input7
[    3.781754] input: HDA Intel PCH HDMI/DP,pcm=7 as /devices/pci0000:00/0000:00:1f.3/sound/card0/input8
[    3.782010] input: HDA Intel PCH HDMI/DP,pcm=8 as /devices/pci0000:00/0000:00:1f.3/sound/card0/input9
[    3.782234] input: HDA Intel PCH HDMI/DP,pcm=9 as /devices/pci0000:00/0000:00:1f.3/sound/card0/input10
[    3.782873] input: HDA Intel PCH HDMI/DP,pcm=10 as /devices/pci0000:00/0000:00:1f.3/sound/card0/input11
[    3.922086] ip_tables: (C) 2000-2006 Netfilter Core Team
[    3.952340] iwlwifi 0000:01:00.0 wlp1s0: renamed from wlan0
[    4.017289] dw-apb-uart.0: ttyS4 at MMIO 0xdf24c000 (irq = 20, base_baud = 115200) is a 16550A
[    4.037229] IPv6: ADDRCONF(NETDEV_UP): wlp1s0: link is not ready
[    4.288137] IPv6: ADDRCONF(NETDEV_UP): wlp1s0: link is not ready
[    4.400729] IPv6: ADDRCONF(NETDEV_UP): wlp1s0: link is not ready
[    4.927448] Bluetooth: hci0: Waiting for firmware download to complete
[    4.927795] Bluetooth: hci0: Firmware loaded in 1385328 usecs
[    4.927833] Bluetooth: hci0: Waiting for device to boot
[    4.938807] Bluetooth: hci0: Device booted in 10728 usecs
[    4.938953] Bluetooth: hci0: Found Intel DDC parameters: intel/ibt-11-5.ddc
[    4.942801] Bluetooth: hci0: Applying Intel DDC parameters completed
[    5.016683] Bluetooth: BNEP (Ethernet Emulation) ver 1.3
[    5.016686] Bluetooth: BNEP filters: protocol multicast
[    5.016692] Bluetooth: BNEP socket layer initialized
[    7.454507] e1000e: eno1 NIC Link is Up 1000 Mbps Full Duplex, Flow Control: Rx/Tx
[    7.454557] IPv6: ADDRCONF(NETDEV_CHANGE): eno1: link becomes ready
[    8.964739] Bluetooth: RFCOMM TTY layer initialized
[    8.964744] Bluetooth: RFCOMM socket layer initialized
[    8.964748] Bluetooth: RFCOMM ver 1.11
[   10.055699] wlp1s0: authenticate with 90:9f:33:a8:1f:92
[   10.065374] wlp1s0: send auth to 90:9f:33:a8:1f:92 (try 1/3)
[   10.071239] wlp1s0: authenticated
[   10.072045] wlp1s0: associate with 90:9f:33:a8:1f:92 (try 1/3)
[   10.072940] wlp1s0: RX AssocResp from 90:9f:33:a8:1f:92 (capab=0x1011 status=0 aid=4)
[   10.074792] wlp1s0: associated
[   10.197135] IPv6: ADDRCONF(NETDEV_CHANGE): wlp1s0: link becomes ready
[   33.517515] nf_conntrack version 0.5.0 (65536 buckets, 262144 max)
[   33.910524] kauditd_printk_skb: 12 callbacks suppressed
[   33.910525] audit: type=1400 audit(1569668244.417:23): apparmor="STATUS" operation="profile_load" profile="unconfined" name="docker-default" pid=2039 comm="apparmor_parser"
[   34.067211] bridge: filtering via arp/ip/ip6tables is no longer available by default. Update your scripts to load br_netfilter if you need this.
[   34.072124] Bridge firewalling registered
[   34.194062] Initializing XFRM netlink socket
[   34.219831] Netfilter messages via NETLINK v0.30.
[   34.223744] ctnetlink v0.93: registering with nfnetlink.
[   34.316683] IPv6: ADDRCONF(NETDEV_UP): docker0: link is not ready
[   55.026172] wlp1s0: deauthenticating from 90:9f:33:a8:1f:92 by local choice (Reason: 3=DEAUTH_LEAVING)
[   57.868067] wlp1s0: authenticate with 90:9f:33:a8:1f:92
[   57.875928] wlp1s0: send auth to 90:9f:33:a8:1f:92 (try 1/3)
[   57.877263] wlp1s0: authenticated
[   57.880034] wlp1s0: associate with 90:9f:33:a8:1f:92 (try 1/3)
[   57.880813] wlp1s0: RX AssocResp from 90:9f:33:a8:1f:92 (capab=0x1011 status=0 aid=4)
[   57.882585] wlp1s0: associated
[106665.911961] perf: interrupt took too long (2505 > 2500), lowering kernel.perf_event_max_sample_rate to 79750
[200534.578431] perf: interrupt took too long (3136 > 3131), lowering kernel.perf_event_max_sample_rate to 63750
[284898.949364] perf: interrupt took too long (3930 > 3920), lowering kernel.perf_event_max_sample_rate to 50750
[382851.392122] SGI XFS with ACLs, security attributes, realtime, no debug enabled
[382851.400815] JFS: nTxBlock = 8192, nTxLock = 65536
[382851.411013] ntfs: driver 2.1.32 [Flags: R/O MODULE].
[382851.425872] QNX4 filesystem 0.2.3 registered.
[382851.478661] raid6: sse2x1   gen()  9803 MB/s
[382851.526661] raid6: sse2x1   xor()  7087 MB/s
[382851.574659] raid6: sse2x2   gen() 12085 MB/s
[382851.622659] raid6: sse2x2   xor()  8446 MB/s
[382851.670653] raid6: sse2x4   gen() 13804 MB/s
[382851.718652] raid6: sse2x4   xor()  9518 MB/s
[382851.766652] raid6: avx2x1   gen() 19532 MB/s
[382851.814652] raid6: avx2x1   xor() 14136 MB/s
[382851.862654] raid6: avx2x2   gen() 22052 MB/s
[382851.910651] raid6: avx2x2   xor() 15472 MB/s
[382851.958653] raid6: avx2x4   gen() 24590 MB/s
[382852.006649] raid6: avx2x4   xor() 18262 MB/s
[382852.006650] raid6: using algorithm avx2x4 gen() 24590 MB/s
[382852.006651] raid6: .... xor() 18262 MB/s, rmw enabled
[382852.006652] raid6: using avx2x2 recovery algorithm
[382852.008590] xor: automatically using best checksumming function   avx       
[382852.026374] Btrfs loaded, crc32c=crc32c-intel
[754872.954986] xfsettingsd[1512]: segfault at 18 ip 00007faae810b257 sp 00007ffea9e18620 error 4 in libxklavier.so.16.4.0[7faae80fb000+19000]
[758178.590772] xfsettingsd[5176]: segfault at 18 ip 00007fb857925257 sp 00007fff765e0470 error 4 in libxklavier.so.16.4.0[7fb857915000+19000]
[761571.486967] xfsettingsd[7469]: segfault at 18 ip 00007f170fdb1257 sp 00007ffe78744710 error 4 in libxklavier.so.16.4.0[7f170fda1000+19000]
[1002911.798445] xfsettingsd[21848]: segfault at 18 ip 00007f4369b6e257 sp 00007fff826c17d0 error 4 in libxklavier.so.16.4.0[7f4369b5e000+19000]
[1122489.142750] Xtightvnc[21675]: segfault at 7f359591bf68 ip 00000000004fd1be sp 00007ffc20071010 error 7 in Xtightvnc[400000+17e000]
[1130968.139937] iwlwifi 0000:01:00.0: Queue 2 is active on fifo 3 and stuck for 10000 ms. SW [0, 1] HW [0, 1] FH TRB=0x080305023
[1130968.140783] iwlwifi 0000:01:00.0: Microcode SW error detected.  Restarting 0x2000000.
[1130968.141001] iwlwifi 0000:01:00.0: Start IWL Error Log Dump:
[1130968.141006] iwlwifi 0000:01:00.0: Status: 0x00000100, count: 6
[1130968.141009] iwlwifi 0000:01:00.0: Loaded firmware version: 34.0.1
[1130968.141013] iwlwifi 0000:01:00.0: 0x00000084 | NMI_INTERRUPT_UNKNOWN       
[1130968.141016] iwlwifi 0000:01:00.0: 0x000002F0 | trm_hw_status0
[1130968.141019] iwlwifi 0000:01:00.0: 0x00000000 | trm_hw_status1
[1130968.141021] iwlwifi 0000:01:00.0: 0x0002395C | branchlink2
[1130968.141024] iwlwifi 0000:01:00.0: 0x0002865A | interruptlink1
[1130968.141027] iwlwifi 0000:01:00.0: 0x0003867A | interruptlink2
[1130968.141029] iwlwifi 0000:01:00.0: 0x00000000 | data1
[1130968.141032] iwlwifi 0000:01:00.0: 0x00000080 | data2
[1130968.141034] iwlwifi 0000:01:00.0: 0x07830000 | data3
[1130968.141037] iwlwifi 0000:01:00.0: 0x31815263 | beacon time
[1130968.141040] iwlwifi 0000:01:00.0: 0x459F2DA2 | tsf low
[1130968.141042] iwlwifi 0000:01:00.0: 0x00000134 | tsf hi
[1130968.141045] iwlwifi 0000:01:00.0: 0x00000000 | time gp1
[1130968.141047] iwlwifi 0000:01:00.0: 0x530402FE | time gp2
[1130968.141050] iwlwifi 0000:01:00.0: 0x00000001 | uCode revision type
[1130968.141052] iwlwifi 0000:01:00.0: 0x00000022 | uCode version major
[1130968.141055] iwlwifi 0000:01:00.0: 0x00000000 | uCode version minor
[1130968.141057] iwlwifi 0000:01:00.0: 0x00000201 | hw version
[1130968.141060] iwlwifi 0000:01:00.0: 0x00C89008 | board version
[1130968.141063] iwlwifi 0000:01:00.0: 0x00F9019C | hcmd
[1130968.141065] iwlwifi 0000:01:00.0: 0x00022000 | isr0
[1130968.141068] iwlwifi 0000:01:00.0: 0x00800000 | isr1
[1130968.141070] iwlwifi 0000:01:00.0: 0x08001802 | isr2
[1130968.141073] iwlwifi 0000:01:00.0: 0x004000C2 | isr3
[1130968.141075] iwlwifi 0000:01:00.0: 0x00000000 | isr4
[1130968.141078] iwlwifi 0000:01:00.0: 0x00F9019C | last cmd Id
[1130968.141080] iwlwifi 0000:01:00.0: 0x00000000 | wait_event
[1130968.141083] iwlwifi 0000:01:00.0: 0x000067CC | l2p_control
[1130968.141086] iwlwifi 0000:01:00.0: 0x00000020 | l2p_duration
[1130968.141088] iwlwifi 0000:01:00.0: 0x00000000 | l2p_mhvalid
[1130968.141091] iwlwifi 0000:01:00.0: 0x00000030 | l2p_addr_match
[1130968.141093] iwlwifi 0000:01:00.0: 0x0000000D | lmpm_pmg_sel
[1130968.141096] iwlwifi 0000:01:00.0: 0x30101341 | timestamp
[1130968.141098] iwlwifi 0000:01:00.0: 0x00343848 | flow_handler
[1130968.141253] iwlwifi 0000:01:00.0: 0x00000000 | ADVANCED_SYSASSERT
[1130968.141256] iwlwifi 0000:01:00.0: 0x00000000 | umac branchlink1
[1130968.141258] iwlwifi 0000:01:00.0: 0x00000000 | umac branchlink2
[1130968.141261] iwlwifi 0000:01:00.0: 0x00000000 | umac interruptlink1
[1130968.141263] iwlwifi 0000:01:00.0: 0x00000000 | umac interruptlink2
[1130968.141266] iwlwifi 0000:01:00.0: 0x00000000 | umac data1
[1130968.141268] iwlwifi 0000:01:00.0: 0x00000000 | umac data2
[1130968.141270] iwlwifi 0000:01:00.0: 0x00000000 | umac data3
[1130968.141273] iwlwifi 0000:01:00.0: 0x00000000 | umac major
[1130968.141275] iwlwifi 0000:01:00.0: 0x00000000 | umac minor
[1130968.141278] iwlwifi 0000:01:00.0: 0x00000000 | frame pointer
[1130968.141281] iwlwifi 0000:01:00.0: 0x00000000 | stack pointer
[1130968.141283] iwlwifi 0000:01:00.0: 0x00000000 | last host cmd
[1130968.141285] iwlwifi 0000:01:00.0: 0x00000000 | isr status reg
[1130968.141292] ieee80211 phy0: Hardware restart was requested
[1292957.414312] iwlwifi 0000:01:00.0: Queue 2 is active on fifo 3 and stuck for 10000 ms. SW [0, 1] HW [0, 1] FH TRB=0x08030500a
[1292957.415259] iwlwifi 0000:01:00.0: Microcode SW error detected.  Restarting 0x2000000.
[1292957.415585] iwlwifi 0000:01:00.0: Start IWL Error Log Dump:
[1292957.415589] iwlwifi 0000:01:00.0: Status: 0x00000100, count: 6
[1292957.415592] iwlwifi 0000:01:00.0: Loaded firmware version: 34.0.1
[1292957.415595] iwlwifi 0000:01:00.0: 0x00000084 | NMI_INTERRUPT_UNKNOWN       
[1292957.415597] iwlwifi 0000:01:00.0: 0x000002F0 | trm_hw_status0
[1292957.415600] iwlwifi 0000:01:00.0: 0x00000000 | trm_hw_status1
[1292957.415602] iwlwifi 0000:01:00.0: 0x0002395C | branchlink2
[1292957.415604] iwlwifi 0000:01:00.0: 0x0003867A | interruptlink1
[1292957.415606] iwlwifi 0000:01:00.0: 0x000429DA | interruptlink2
[1292957.415609] iwlwifi 0000:01:00.0: 0x00000000 | data1
[1292957.415611] iwlwifi 0000:01:00.0: 0x00000080 | data2
[1292957.415613] iwlwifi 0000:01:00.0: 0x07830000 | data3
[1292957.415615] iwlwifi 0000:01:00.0: 0xC78099EB | beacon time
[1292957.415617] iwlwifi 0000:01:00.0: 0xFCEDB619 | tsf low
[1292957.415620] iwlwifi 0000:01:00.0: 0x00000159 | tsf hi
[1292957.415622] iwlwifi 0000:01:00.0: 0x00000000 | time gp1
[1292957.415624] iwlwifi 0000:01:00.0: 0xB74FD8FF | time gp2
[1292957.415626] iwlwifi 0000:01:00.0: 0x00000001 | uCode revision type
[1292957.415628] iwlwifi 0000:01:00.0: 0x00000022 | uCode version major
[1292957.415631] iwlwifi 0000:01:00.0: 0x00000000 | uCode version minor
[1292957.415633] iwlwifi 0000:01:00.0: 0x00000201 | hw version
[1292957.415635] iwlwifi 0000:01:00.0: 0x00C89008 | board version
[1292957.415637] iwlwifi 0000:01:00.0: 0x004B019C | hcmd
[1292957.415639] iwlwifi 0000:01:00.0: 0x02222000 | isr0
[1292957.415641] iwlwifi 0000:01:00.0: 0x00800000 | isr1
[1292957.415643] iwlwifi 0000:01:00.0: 0x08005802 | isr2
[1292957.415645] iwlwifi 0000:01:00.0: 0x004000C0 | isr3
[1292957.415648] iwlwifi 0000:01:00.0: 0x00000000 | isr4
[1292957.415650] iwlwifi 0000:01:00.0: 0x004B019C | last cmd Id
[1292957.415652] iwlwifi 0000:01:00.0: 0x00000000 | wait_event
[1292957.415654] iwlwifi 0000:01:00.0: 0x000067CC | l2p_control
[1292957.415656] iwlwifi 0000:01:00.0: 0x00000020 | l2p_duration
[1292957.415658] iwlwifi 0000:01:00.0: 0x00000000 | l2p_mhvalid
[1292957.415660] iwlwifi 0000:01:00.0: 0x00000030 | l2p_addr_match
[1292957.415663] iwlwifi 0000:01:00.0: 0x0000000D | lmpm_pmg_sel
[1292957.415665] iwlwifi 0000:01:00.0: 0x30101341 | timestamp
[1292957.415667] iwlwifi 0000:01:00.0: 0x00342840 | flow_handler
[1292957.415820] iwlwifi 0000:01:00.0: Start IWL Error Log Dump:
[1292957.415823] iwlwifi 0000:01:00.0: Status: 0x00000100, count: 7
[1292957.415825] iwlwifi 0000:01:00.0: 0x00000070 | ADVANCED_SYSASSERT
[1292957.415828] iwlwifi 0000:01:00.0: 0x00000000 | umac branchlink1
[1292957.415830] iwlwifi 0000:01:00.0: 0xC0086A78 | umac branchlink2
[1292957.415832] iwlwifi 0000:01:00.0: 0xC008D63C | umac interruptlink1
[1292957.415834] iwlwifi 0000:01:00.0: 0xC0083C90 | umac interruptlink2
[1292957.415836] iwlwifi 0000:01:00.0: 0x00000800 | umac data1
[1292957.415838] iwlwifi 0000:01:00.0: 0xC0083C90 | umac data2
[1292957.415840] iwlwifi 0000:01:00.0: 0xDEADBEEF | umac data3
[1292957.415842] iwlwifi 0000:01:00.0: 0x00000022 | umac major
[1292957.415845] iwlwifi 0000:01:00.0: 0x00000000 | umac minor
[1292957.415847] iwlwifi 0000:01:00.0: 0xC088628C | frame pointer
[1292957.415849] iwlwifi 0000:01:00.0: 0xC088628C | stack pointer
[1292957.415851] iwlwifi 0000:01:00.0: 0x004B019C | last host cmd
[1292957.415853] iwlwifi 0000:01:00.0: 0x00000000 | isr status reg
[1292957.415858] ieee80211 phy0: Hardware restart was requested
[1836552.489731] iwlwifi 0000:01:00.0: Queue 2 is active on fifo 3 and stuck for 10000 ms. SW [0, 1] HW [0, 1] FH TRB=0x08030501c
[1836552.490608] iwlwifi 0000:01:00.0: Microcode SW error detected.  Restarting 0x2000000.
[1836552.490820] iwlwifi 0000:01:00.0: Start IWL Error Log Dump:
[1836552.490824] iwlwifi 0000:01:00.0: Status: 0x00000100, count: 6
[1836552.490827] iwlwifi 0000:01:00.0: Loaded firmware version: 34.0.1
[1836552.490831] iwlwifi 0000:01:00.0: 0x00000084 | NMI_INTERRUPT_UNKNOWN       
[1836552.490834] iwlwifi 0000:01:00.0: 0x000002F0 | trm_hw_status0
[1836552.490837] iwlwifi 0000:01:00.0: 0x00000000 | trm_hw_status1
[1836552.490839] iwlwifi 0000:01:00.0: 0x0002395C | branchlink2
[1836552.490842] iwlwifi 0000:01:00.0: 0x002A1E5A | interruptlink1
[1836552.490845] iwlwifi 0000:01:00.0: 0x0003867A | interruptlink2
[1836552.490847] iwlwifi 0000:01:00.0: 0x00000000 | data1
[1836552.490850] iwlwifi 0000:01:00.0: 0x00000080 | data2
[1836552.490853] iwlwifi 0000:01:00.0: 0x07830000 | data3
[1836552.490855] iwlwifi 0000:01:00.0: 0x0C817A63 | beacon time
[1836552.490858] iwlwifi 0000:01:00.0: 0x8DB345A1 | tsf low
[1836552.490860] iwlwifi 0000:01:00.0: 0x000001D8 | tsf hi
[1836552.490863] iwlwifi 0000:01:00.0: 0x00000000 | time gp1
[1836552.490865] iwlwifi 0000:01:00.0: 0x90E3F63D | time gp2
[1836552.490868] iwlwifi 0000:01:00.0: 0x00000001 | uCode revision type
[1836552.490871] iwlwifi 0000:01:00.0: 0x00000022 | uCode version major
[1836552.490873] iwlwifi 0000:01:00.0: 0x00000000 | uCode version minor
[1836552.490875] iwlwifi 0000:01:00.0: 0x00000201 | hw version
[1836552.490878] iwlwifi 0000:01:00.0: 0x00C89008 | board version
[1836552.490881] iwlwifi 0000:01:00.0: 0x0033019C | hcmd
[1836552.490883] iwlwifi 0000:01:00.0: 0x00022000 | isr0
[1836552.490886] iwlwifi 0000:01:00.0: 0x00800000 | isr1
[1836552.490888] iwlwifi 0000:01:00.0: 0x08001802 | isr2
[1836552.490891] iwlwifi 0000:01:00.0: 0x004000C2 | isr3
[1836552.490893] iwlwifi 0000:01:00.0: 0x00000000 | isr4
[1836552.490896] iwlwifi 0000:01:00.0: 0x0033019C | last cmd Id
[1836552.490898] iwlwifi 0000:01:00.0: 0x00000000 | wait_event
[1836552.490901] iwlwifi 0000:01:00.0: 0x0000478C | l2p_control
[1836552.490903] iwlwifi 0000:01:00.0: 0x00000020 | l2p_duration
[1836552.490906] iwlwifi 0000:01:00.0: 0x00000000 | l2p_mhvalid
[1836552.490908] iwlwifi 0000:01:00.0: 0x00000030 | l2p_addr_match
[1836552.490911] iwlwifi 0000:01:00.0: 0x0000000D | lmpm_pmg_sel
[1836552.490913] iwlwifi 0000:01:00.0: 0x30101341 | timestamp
[1836552.490916] iwlwifi 0000:01:00.0: 0x003498B0 | flow_handler
[1836552.491070] iwlwifi 0000:01:00.0: 0x00000000 | ADVANCED_SYSASSERT
[1836552.491073] iwlwifi 0000:01:00.0: 0x00000000 | umac branchlink1
[1836552.491076] iwlwifi 0000:01:00.0: 0x00000000 | umac branchlink2
[1836552.491078] iwlwifi 0000:01:00.0: 0x00000000 | umac interruptlink1
[1836552.491081] iwlwifi 0000:01:00.0: 0x00000000 | umac interruptlink2
[1836552.491083] iwlwifi 0000:01:00.0: 0x00000000 | umac data1
[1836552.491086] iwlwifi 0000:01:00.0: 0x00000000 | umac data2
[1836552.491088] iwlwifi 0000:01:00.0: 0xDEADBEEF | umac data3
[1836552.491091] iwlwifi 0000:01:00.0: 0x00000022 | umac major
[1836552.491093] iwlwifi 0000:01:00.0: 0x00000000 | umac minor
[1836552.491096] iwlwifi 0000:01:00.0: 0xC088628C | frame pointer
[1836552.491098] iwlwifi 0000:01:00.0: 0xC088628C | stack pointer
[1836552.491101] iwlwifi 0000:01:00.0: 0x0033019C | last host cmd
[1836552.491103] iwlwifi 0000:01:00.0: 0x00000000 | isr status reg
[1836552.491109] ieee80211 phy0: Hardware restart was requested
[1904951.834793] iwlwifi 0000:01:00.0: Queue 2 is active on fifo 3 and stuck for 10000 ms. SW [0, 1] HW [0, 1] FH TRB=0x080305017
[1904951.835149] iwlwifi 0000:01:00.0: Microcode SW error detected.  Restarting 0x2000000.
[1904951.835361] iwlwifi 0000:01:00.0: Start IWL Error Log Dump:
[1904951.835365] iwlwifi 0000:01:00.0: Status: 0x00000100, count: 6
[1904951.835368] iwlwifi 0000:01:00.0: Loaded firmware version: 34.0.1
[1904951.835372] iwlwifi 0000:01:00.0: 0x00000084 | NMI_INTERRUPT_UNKNOWN       
[1904951.835375] iwlwifi 0000:01:00.0: 0x000002F0 | trm_hw_status0
[1904951.835378] iwlwifi 0000:01:00.0: 0x00000000 | trm_hw_status1
[1904951.835380] iwlwifi 0000:01:00.0: 0x0002395C | branchlink2
[1904951.835383] iwlwifi 0000:01:00.0: 0x0003867A | interruptlink1
[1904951.835386] iwlwifi 0000:01:00.0: 0x00003982 | interruptlink2
[1904951.835388] iwlwifi 0000:01:00.0: 0x00000000 | data1
[1904951.835391] iwlwifi 0000:01:00.0: 0x00000080 | data2
[1904951.835393] iwlwifi 0000:01:00.0: 0x07830000 | data3
[1904951.835396] iwlwifi 0000:01:00.0: 0x39C0001B | beacon time
[1904951.835398] iwlwifi 0000:01:00.0: 0x7A9DCFE9 | tsf low
[1904951.835401] iwlwifi 0000:01:00.0: 0x000001E8 | tsf hi
[1904951.835403] iwlwifi 0000:01:00.0: 0x00000000 | time gp1
[1904951.835406] iwlwifi 0000:01:00.0: 0xECE4416D | time gp2
[1904951.835409] iwlwifi 0000:01:00.0: 0x00000001 | uCode revision type
[1904951.835411] iwlwifi 0000:01:00.0: 0x00000022 | uCode version major
[1904951.835414] iwlwifi 0000:01:00.0: 0x00000000 | uCode version minor
[1904951.835416] iwlwifi 0000:01:00.0: 0x00000201 | hw version
[1904951.835419] iwlwifi 0000:01:00.0: 0x00C89008 | board version
[1904951.835422] iwlwifi 0000:01:00.0: 0x0000001C | hcmd
[1904951.835424] iwlwifi 0000:01:00.0: 0x82722000 | isr0
[1904951.835427] iwlwifi 0000:01:00.0: 0x00800000 | isr1
[1904951.835429] iwlwifi 0000:01:00.0: 0x08001802 | isr2
[1904951.835432] iwlwifi 0000:01:00.0: 0x004000CC | isr3
[1904951.835434] iwlwifi 0000:01:00.0: 0x00000000 | isr4
[1904951.835437] iwlwifi 0000:01:00.0: 0x0041014E | last cmd Id
[1904951.835439] iwlwifi 0000:01:00.0: 0x00000000 | wait_event
[1904951.835442] iwlwifi 0000:01:00.0: 0x0000E78C | l2p_control
[1904951.835444] iwlwifi 0000:01:00.0: 0x00003C20 | l2p_duration
[1904951.835447] iwlwifi 0000:01:00.0: 0x00000000 | l2p_mhvalid
[1904951.835449] iwlwifi 0000:01:00.0: 0x00000030 | l2p_addr_match
[1904951.835452] iwlwifi 0000:01:00.0: 0x0000000D | lmpm_pmg_sel
[1904951.835455] iwlwifi 0000:01:00.0: 0x30101341 | timestamp
[1904951.835457] iwlwifi 0000:01:00.0: 0x00344050 | flow_handler
[1904951.835611] iwlwifi 0000:01:00.0: Start IWL Error Log Dump:
[1904951.835614] iwlwifi 0000:01:00.0: Status: 0x00000100, count: 7
[1904951.835617] iwlwifi 0000:01:00.0: 0x00000070 | ADVANCED_SYSASSERT
[1904951.835619] iwlwifi 0000:01:00.0: 0x00000000 | umac branchlink1
[1904951.835622] iwlwifi 0000:01:00.0: 0xC0086A78 | umac branchlink2
[1904951.835625] iwlwifi 0000:01:00.0: 0xC008D63C | umac interruptlink1
[1904951.835627] iwlwifi 0000:01:00.0: 0xC0083C90 | umac interruptlink2
[1904951.835630] iwlwifi 0000:01:00.0: 0x00000800 | umac data1
[1904951.835632] iwlwifi 0000:01:00.0: 0xC0083C90 | umac data2
[1904951.835635] iwlwifi 0000:01:00.0: 0xDEADBEEF | umac data3
[1904951.835637] iwlwifi 0000:01:00.0: 0x00000022 | umac major
[1904951.835640] iwlwifi 0000:01:00.0: 0x00000000 | umac minor
[1904951.835642] iwlwifi 0000:01:00.0: 0xC088628C | frame pointer
[1904951.835645] iwlwifi 0000:01:00.0: 0xC088628C | stack pointer
[1904951.835647] iwlwifi 0000:01:00.0: 0x0041014E | last host cmd
[1904951.835650] iwlwifi 0000:01:00.0: 0x00000000 | isr status reg
[1904951.835656] ieee80211 phy0: Hardware restart was requested
[1908552.179623] iwlwifi 0000:01:00.0: Queue 2 is active on fifo 3 and stuck for 10000 ms. SW [0, 1] HW [0, 1] FH TRB=0x080305004
[1908552.180501] iwlwifi 0000:01:00.0: Microcode SW error detected.  Restarting 0x2000000.
[1908552.180719] iwlwifi 0000:01:00.0: Start IWL Error Log Dump:
[1908552.180723] iwlwifi 0000:01:00.0: Status: 0x00000100, count: 6
[1908552.180727] iwlwifi 0000:01:00.0: Loaded firmware version: 34.0.1
[1908552.180730] iwlwifi 0000:01:00.0: 0x00000084 | NMI_INTERRUPT_UNKNOWN       
[1908552.180733] iwlwifi 0000:01:00.0: 0x000002F0 | trm_hw_status0
[1908552.180736] iwlwifi 0000:01:00.0: 0x00000000 | trm_hw_status1
[1908552.180739] iwlwifi 0000:01:00.0: 0x0002395C | branchlink2
[1908552.180741] iwlwifi 0000:01:00.0: 0x0003867A | interruptlink1
[1908552.180744] iwlwifi 0000:01:00.0: 0x0003867A | interruptlink2
[1908552.180746] iwlwifi 0000:01:00.0: 0x00000000 | data1
[1908552.180749] iwlwifi 0000:01:00.0: 0x00000080 | data2
[1908552.180752] iwlwifi 0000:01:00.0: 0x07830000 | data3
[1908552.180754] iwlwifi 0000:01:00.0: 0x41C09FD1 | beacon time
[1908552.180757] iwlwifi 0000:01:00.0: 0x5136B033 | tsf low
[1908552.180759] iwlwifi 0000:01:00.0: 0x000001E9 | tsf hi
[1908552.180762] iwlwifi 0000:01:00.0: 0x00000000 | time gp1
[1908552.180765] iwlwifi 0000:01:00.0: 0xD68DDADC | time gp2
[1908552.180767] iwlwifi 0000:01:00.0: 0x00000001 | uCode revision type
[1908552.180770] iwlwifi 0000:01:00.0: 0x00000022 | uCode version major
[1908552.180772] iwlwifi 0000:01:00.0: 0x00000000 | uCode version minor
[1908552.180775] iwlwifi 0000:01:00.0: 0x00000201 | hw version
[1908552.180777] iwlwifi 0000:01:00.0: 0x00C89008 | board version
[1908552.180780] iwlwifi 0000:01:00.0: 0x00A3019C | hcmd
[1908552.180783] iwlwifi 0000:01:00.0: 0x00022000 | isr0
[1908552.180785] iwlwifi 0000:01:00.0: 0x00800000 | isr1
[1908552.180788] iwlwifi 0000:01:00.0: 0x08001802 | isr2
[1908552.180790] iwlwifi 0000:01:00.0: 0x004000C2 | isr3
[1908552.180792] iwlwifi 0000:01:00.0: 0x00000000 | isr4
[1908552.180795] iwlwifi 0000:01:00.0: 0x00A3019C | last cmd Id
[1908552.180798] iwlwifi 0000:01:00.0: 0x00000000 | wait_event
[1908552.180800] iwlwifi 0000:01:00.0: 0x000047CC | l2p_control
[1908552.180803] iwlwifi 0000:01:00.0: 0x00000020 | l2p_duration
[1908552.180805] iwlwifi 0000:01:00.0: 0x00000000 | l2p_mhvalid
[1908552.180808] iwlwifi 0000:01:00.0: 0x00000030 | l2p_addr_match
[1908552.180810] iwlwifi 0000:01:00.0: 0x0000000D | lmpm_pmg_sel
[1908552.180813] iwlwifi 0000:01:00.0: 0x30101341 | timestamp
[1908552.180816] iwlwifi 0000:01:00.0: 0x00348090 | flow_handler
[1908552.180965] iwlwifi 0000:01:00.0: 0x00000000 | ADVANCED_SYSASSERT
[1908552.180967] iwlwifi 0000:01:00.0: 0x00000000 | umac branchlink1
[1908552.180970] iwlwifi 0000:01:00.0: 0x00000000 | umac branchlink2
[1908552.180972] iwlwifi 0000:01:00.0: 0x00000000 | umac interruptlink1
[1908552.180975] iwlwifi 0000:01:00.0: 0x00000000 | umac interruptlink2
[1908552.180977] iwlwifi 0000:01:00.0: 0x00000000 | umac data1
[1908552.180980] iwlwifi 0000:01:00.0: 0x00000000 | umac data2
[1908552.180982] iwlwifi 0000:01:00.0: 0x00000000 | umac data3
[1908552.180985] iwlwifi 0000:01:00.0: 0x00000000 | umac major
[1908552.180987] iwlwifi 0000:01:00.0: 0x00000000 | umac minor
[1908552.180990] iwlwifi 0000:01:00.0: 0x00000000 | frame pointer
[1908552.180992] iwlwifi 0000:01:00.0: 0x00000000 | stack pointer
[1908552.180995] iwlwifi 0000:01:00.0: 0x00000000 | last host cmd
[1908552.180997] iwlwifi 0000:01:00.0: 0x00000000 | isr status reg
[1908552.181003] ieee80211 phy0: Hardware restart was requested
[1912152.496504] iwlwifi 0000:01:00.0: Queue 2 is active on fifo 3 and stuck for 10000 ms. SW [0, 1] HW [0, 1] FH TRB=0x080305001
[1912152.497351] iwlwifi 0000:01:00.0: Microcode SW error detected.  Restarting 0x2000000.
[1912152.497564] iwlwifi 0000:01:00.0: Start IWL Error Log Dump:
[1912152.497568] iwlwifi 0000:01:00.0: Status: 0x00000100, count: 6
[1912152.497571] iwlwifi 0000:01:00.0: Loaded firmware version: 34.0.1
[1912152.497575] iwlwifi 0000:01:00.0: 0x00000084 | NMI_INTERRUPT_UNKNOWN       
[1912152.497578] iwlwifi 0000:01:00.0: 0x000002F2 | trm_hw_status0
[1912152.497581] iwlwifi 0000:01:00.0: 0x00000000 | trm_hw_status1
[1912152.497583] iwlwifi 0000:01:00.0: 0x0002395C | branchlink2
[1912152.497586] iwlwifi 0000:01:00.0: 0x0002867A | interruptlink1
[1912152.497588] iwlwifi 0000:01:00.0: 0x0003867A | interruptlink2
[1912152.497591] iwlwifi 0000:01:00.0: 0x00000000 | data1
[1912152.497594] iwlwifi 0000:01:00.0: 0x00000080 | data2
[1912152.497596] iwlwifi 0000:01:00.0: 0x07830000 | data3
[1912152.497599] iwlwifi 0000:01:00.0: 0x41801F35 | beacon time
[1912152.497601] iwlwifi 0000:01:00.0: 0x27CF20CF | tsf low
[1912152.497604] iwlwifi 0000:01:00.0: 0x000001EA | tsf hi
[1912152.497607] iwlwifi 0000:01:00.0: 0x00000000 | time gp1
[1912152.497609] iwlwifi 0000:01:00.0: 0xD68D3340 | time gp2
[1912152.497612] iwlwifi 0000:01:00.0: 0x00000001 | uCode revision type
[1912152.497614] iwlwifi 0000:01:00.0: 0x00000022 | uCode version major
[1912152.497617] iwlwifi 0000:01:00.0: 0x00000000 | uCode version minor
[1912152.497619] iwlwifi 0000:01:00.0: 0x00000201 | hw version
[1912152.497622] iwlwifi 0000:01:00.0: 0x00C89008 | board version
[1912152.497625] iwlwifi 0000:01:00.0: 0x0000001C | hcmd
[1912152.497627] iwlwifi 0000:01:00.0: 0x02222000 | isr0
[1912152.497630] iwlwifi 0000:01:00.0: 0x00800000 | isr1
[1912152.497632] iwlwifi 0000:01:00.0: 0x08001802 | isr2
[1912152.497635] iwlwifi 0000:01:00.0: 0x00400082 | isr3
[1912152.497637] iwlwifi 0000:01:00.0: 0x00000000 | isr4
[1912152.497640] iwlwifi 0000:01:00.0: 0x009D014E | last cmd Id
[1912152.497642] iwlwifi 0000:01:00.0: 0x00000000 | wait_event
[1912152.497645] iwlwifi 0000:01:00.0: 0x0000468E | l2p_control
[1912152.497647] iwlwifi 0000:01:00.0: 0x00000020 | l2p_duration
[1912152.497650] iwlwifi 0000:01:00.0: 0x00000000 | l2p_mhvalid
[1912152.497653] iwlwifi 0000:01:00.0: 0x00000020 | l2p_addr_match
[1912152.497655] iwlwifi 0000:01:00.0: 0x0000000D | lmpm_pmg_sel
[1912152.497658] iwlwifi 0000:01:00.0: 0x30101341 | timestamp
[1912152.497660] iwlwifi 0000:01:00.0: 0x0034A8B8 | flow_handler
[1912152.497815] iwlwifi 0000:01:00.0: 0x00000000 | ADVANCED_SYSASSERT
[1912152.497817] iwlwifi 0000:01:00.0: 0x00000000 | umac branchlink1
[1912152.497820] iwlwifi 0000:01:00.0: 0x00000000 | umac branchlink2
[1912152.497822] iwlwifi 0000:01:00.0: 0x00000000 | umac interruptlink1
[1912152.497825] iwlwifi 0000:01:00.0: 0x00000000 | umac interruptlink2
[1912152.497827] iwlwifi 0000:01:00.0: 0x00000000 | umac data1
[1912152.497830] iwlwifi 0000:01:00.0: 0x00000000 | umac data2
[1912152.497832] iwlwifi 0000:01:00.0: 0x00000000 | umac data3
[1912152.497835] iwlwifi 0000:01:00.0: 0x00000000 | umac major
[1912152.497837] iwlwifi 0000:01:00.0: 0x00000000 | umac minor
[1912152.497840] iwlwifi 0000:01:00.0: 0x00000000 | frame pointer
[1912152.497842] iwlwifi 0000:01:00.0: 0x00000000 | stack pointer
[1912152.497844] iwlwifi 0000:01:00.0: 0x00000000 | last host cmd
[1912152.497847] iwlwifi 0000:01:00.0: 0x00000000 | isr status reg
[1912152.497853] ieee80211 phy0: Hardware restart was requested
[2659483.959383] perf: interrupt took too long (4960 > 4912), lowering kernel.perf_event_max_sample_rate to 40250
[    0.000000] microcode: microcode updated early to revision 0xcc, date = 2019-04-01
[    0.000000] Linux version 4.15.0-64-generic (buildd@lgw01-amd64-035) (gcc version 5.4.0 20160609 (Ubuntu 5.4.0-6ubuntu1~16.04.10)) #73~16.04.1-Ubuntu SMP Fri Sep 13 09:56:18 UTC 2019 (Ubuntu 4.15.0-64.73~16.04.1-generic 4.15.18)
[    0.000000] Command line: BOOT_IMAGE=/boot/vmlinuz-4.15.0-64-generic root=UUID=c82b9a54-9e95-4d91-a045-f6274d22a0f7 ro quiet splash vt.handoff=7
[    0.000000] KERNEL supported cpus:
[    0.000000]   Intel GenuineIntel
[    0.000000]   AMD AuthenticAMD
[    0.000000]   Centaur CentaurHauls
[    0.000000] x86/fpu: Supporting XSAVE feature 0x001: 'x87 floating point registers'
[    0.000000] x86/fpu: Supporting XSAVE feature 0x002: 'SSE registers'
[    0.000000] x86/fpu: Supporting XSAVE feature 0x004: 'AVX registers'
[    0.000000] x86/fpu: Supporting XSAVE feature 0x008: 'MPX bounds registers'
[    0.000000] x86/fpu: Supporting XSAVE feature 0x010: 'MPX CSR'
[    0.000000] x86/fpu: xstate_offset[2]:  576, xstate_sizes[2]:  256
[    0.000000] x86/fpu: xstate_offset[3]:  832, xstate_sizes[3]:   64
[    0.000000] x86/fpu: xstate_offset[4]:  896, xstate_sizes[4]:   64
[    0.000000] x86/fpu: Enabled xstate features 0x1f, context size is 960 bytes, using 'compacted' format.
[    0.000000] e820: BIOS-provided physical RAM map:
[    0.000000] BIOS-e820: [mem 0x0000000000000000-0x00000000000963ff] usable
[    0.000000] BIOS-e820: [mem 0x0000000000096400-0x000000000009ffff] reserved
[    0.000000] BIOS-e820: [mem 0x00000000000e0000-0x00000000000fffff] reserved
[    0.000000] BIOS-e820: [mem 0x0000000000100000-0x00000000832fffff] usable
[    0.000000] BIOS-e820: [mem 0x0000000083300000-0x0000000083300fff] ACPI NVS
[    0.000000] BIOS-e820: [mem 0x0000000083301000-0x000000008332afff] reserved
[    0.000000] BIOS-e820: [mem 0x000000008332b000-0x000000008a247fff] usable
[    0.000000] BIOS-e820: [mem 0x000000008a248000-0x000000008a549fff] reserved
[    0.000000] BIOS-e820: [mem 0x000000008a54a000-0x000000008a581fff] ACPI data
[    0.000000] BIOS-e820: [mem 0x000000008a582000-0x000000008ae73fff] ACPI NVS
[    0.000000] BIOS-e820: [mem 0x000000008ae74000-0x000000008b2fefff] reserved
[    0.000000] BIOS-e820: [mem 0x000000008b2ff000-0x000000008b2fffff] usable
[    0.000000] BIOS-e820: [mem 0x000000008b300000-0x000000008b3fffff] reserved
[    0.000000] BIOS-e820: [mem 0x00000000e0000000-0x00000000efffffff] reserved
[    0.000000] BIOS-e820: [mem 0x00000000fe000000-0x00000000fe010fff] reserved
[    0.000000] BIOS-e820: [mem 0x00000000fec00000-0x00000000fec00fff] reserved
[    0.000000] BIOS-e820: [mem 0x00000000fee00000-0x00000000fee00fff] reserved
[    0.000000] BIOS-e820: [mem 0x00000000ff000000-0x00000000ffffffff] reserved
[    0.000000] BIOS-e820: [mem 0x0000000100000000-0x000000046effffff] usable
[    0.000000] NX (Execute Disable) protection: active
[    0.000000] SMBIOS 3.0.0 present.
[    0.000000] DMI:  /NUC6i5SYB, BIOS SYSKLi35.86A.0042.2016.0409.1246 04/09/2016
[    0.000000] e820: update [mem 0x00000000-0x00000fff] usable ==> reserved
[    0.000000] e820: remove [mem 0x000a0000-0x000fffff] usable
[    0.000000] e820: last_pfn = 0x46f000 max_arch_pfn = 0x400000000
[    0.000000] MTRR default type: write-back
[    0.000000] MTRR fixed ranges enabled:
[    0.000000]   00000-9FFFF write-back
[    0.000000]   A0000-BFFFF uncachable
[    0.000000]   C0000-FFFFF write-protect
[    0.000000] MTRR variable ranges enabled:
[    0.000000]   0 base 00C0000000 mask 7FC0000000 uncachable
[    0.000000]   1 base 00A0000000 mask 7FE0000000 uncachable
[    0.000000]   2 base 0090000000 mask 7FF0000000 uncachable
[    0.000000]   3 base 008C000000 mask 7FFC000000 uncachable
[    0.000000]   4 base 008B800000 mask 7FFF800000 uncachable
[    0.000000]   5 disabled
[    0.000000]   6 disabled
[    0.000000]   7 disabled
[    0.000000]   8 disabled
[    0.000000]   9 disabled
[    0.000000] x86/PAT: Configuration [0-7]: WB  WC  UC- UC  WB  WP  UC- WT  
[    0.000000] e820: last_pfn = 0x8b300 max_arch_pfn = 0x400000000
[    0.000000] found SMP MP-table at [mem 0x000fcc10-0x000fcc1f]
[    0.000000] Scanning 1 areas for low memory corruption
[    0.000000] Using GB pages for direct mapping
[    0.000000] BRK [0x39193e000, 0x39193efff] PGTABLE
[    0.000000] BRK [0x39193f000, 0x39193ffff] PGTABLE
[    0.000000] BRK [0x391940000, 0x391940fff] PGTABLE
[    0.000000] BRK [0x391941000, 0x391941fff] PGTABLE
[    0.000000] BRK [0x391942000, 0x391942fff] PGTABLE
[    0.000000] BRK [0x391943000, 0x391943fff] PGTABLE
[    0.000000] BRK [0x391944000, 0x391944fff] PGTABLE
[    0.000000] BRK [0x391945000, 0x391945fff] PGTABLE
[    0.000000] BRK [0x391946000, 0x391946fff] PGTABLE
[    0.000000] RAMDISK: [mem 0x31688000-0x34b3bfff]
[    0.000000] ACPI: Early table checksum verification disabled
[    0.000000] ACPI: RSDP 0x00000000000F05B0 000024 (v02 INTEL )
[    0.000000] ACPI: XSDT 0x000000008A555098 0000B4 (v01 INTEL  NUC6i5SY 0000002A AMI  00010013)
[    0.000000] ACPI: FACP 0x000000008A576EF8 00010C (v05 INTEL  NUC6i5SY 0000002A AMI  00010013)
[    0.000000] ACPI: DSDT 0x000000008A5551E0 021D12 (v02 INTEL  NUC6i5SY 0000002A INTL 20120913)
[    0.000000] ACPI: FACS 0x000000008AE73F80 000040
[    0.000000] ACPI: APIC 0x000000008A577008 000084 (v03 INTEL  NUC6i5SY 0000002A AMI  00010013)
[    0.000000] ACPI: FPDT 0x000000008A577090 000044 (v01 INTEL  NUC6i5SY 0000002A AMI  00010013)
[    0.000000] ACPI: FIDT 0x000000008A5770D8 00009C (v01 INTEL  NUC6i5SY 0000002A AMI  00010013)
[    0.000000] ACPI: MCFG 0x000000008A577178 00003C (v01 INTEL  NUC6i5SY 0000002A MSFT 00000097)
[    0.000000] ACPI: HPET 0x000000008A5771B8 000038 (v01 INTEL  NUC6i5SY 0000002A AMI. 0005000B)
[    0.000000] ACPI: LPIT 0x000000008A5771F0 000094 (v01 INTEL  NUC6i5SY 0000002A MSFT 0000005F)
[    0.000000] ACPI: SSDT 0x000000008A577288 000248 (v02 INTEL  NUC6i5SY 0000002A INTL 20120913)
[    0.000000] ACPI: SSDT 0x000000008A5774D0 002BAE (v02 INTEL  NUC6i5SY 0000002A INTL 20120913)
[    0.000000] ACPI: SSDT 0x000000008A57A080 000BE3 (v02 INTEL  NUC6i5SY 0000002A INTL 20120913)
[    0.000000] ACPI: SSDT 0x000000008A57AC68 0004A3 (v02 INTEL  NUC6i5SY 0000002A INTL 20120913)
[    0.000000] ACPI: DBGP 0x000000008A57B110 000034 (v01 INTEL  NUC6i5SY 0000002A MSFT 0000005F)
[    0.000000] ACPI: DBG2 0x000000008A57B148 000054 (v00 INTEL  NUC6i5SY 0000002A MSFT 0000005F)
[    0.000000] ACPI: SSDT 0x000000008A57B1A0 00046E (v02 INTEL  NUC6i5SY 0000002A INTL 20120913)
[    0.000000] ACPI: SSDT 0x000000008A57B610 00546C (v02 INTEL  NUC6i5SY 0000002A INTL 20120913)
[    0.000000] ACPI: UEFI 0x000000008A580A80 000042 (v01 INTEL  NUC6i5SY 0000002A      00000000)
[    0.000000] ACPI: SSDT 0x000000008A580AC8 000E73 (v02 INTEL  NUC6i5SY 0000002A INTL 20120913)
[    0.000000] ACPI: DMAR 0x000000008A581940 0000CC (v01 INTEL  NUC6i5SY 0000002A INTL 00000001)
[    0.000000] ACPI: Local APIC address 0xfee00000
[    0.000000] No NUMA configuration found
[    0.000000] Faking a node at [mem 0x0000000000000000-0x000000046effffff]
[    0.000000] NODE_DATA(0) allocated [mem 0x46efd5000-0x46effffff]
[    0.000000] Zone ranges:
[    0.000000]   DMA      [mem 0x0000000000001000-0x0000000000ffffff]
[    0.000000]   DMA32    [mem 0x0000000001000000-0x00000000ffffffff]
[    0.000000]   Normal   [mem 0x0000000100000000-0x000000046effffff]
[    0.000000]   Device   empty
[    0.000000] Movable zone start for each node
[    0.000000] Early memory node ranges
[    0.000000]   node   0: [mem 0x0000000000001000-0x0000000000095fff]
[    0.000000]   node   0: [mem 0x0000000000100000-0x00000000832fffff]
[    0.000000]   node   0: [mem 0x000000008332b000-0x000000008a247fff]
[    0.000000]   node   0: [mem 0x000000008b2ff000-0x000000008b2fffff]
[    0.000000]   node   0: [mem 0x0000000100000000-0x000000046effffff]
[    0.000000] Reserved but unavailable: 107 pages
[    0.000000] Initmem setup node 0 [mem 0x0000000000001000-0x000000046effffff]
[    0.000000] On node 0 totalpages: 4166067
[    0.000000]   DMA zone: 64 pages used for memmap
[    0.000000]   DMA zone: 21 pages reserved
[    0.000000]   DMA zone: 3989 pages, LIFO batch:0
[    0.000000]   DMA32 zone: 8777 pages used for memmap
[    0.000000]   DMA32 zone: 561694 pages, LIFO batch:31
[    0.000000]   Normal zone: 56256 pages used for memmap
[    0.000000]   Normal zone: 3600384 pages, LIFO batch:31
[    0.000000] Reserving Intel graphics memory at 0x000000008c000000-0x000000008fffffff
[    0.000000] ACPI: PM-Timer IO Port: 0x1808
[    0.000000] ACPI: Local APIC address 0xfee00000
[    0.000000] ACPI: LAPIC_NMI (acpi_id[0x01] high edge lint[0x1])
[    0.000000] ACPI: LAPIC_NMI (acpi_id[0x02] high edge lint[0x1])
[    0.000000] ACPI: LAPIC_NMI (acpi_id[0x03] high edge lint[0x1])
[    0.000000] ACPI: LAPIC_NMI (acpi_id[0x04] high edge lint[0x1])
[    0.000000] IOAPIC[0]: apic_id 2, version 32, address 0xfec00000, GSI 0-119
[    0.000000] ACPI: INT_SRC_OVR (bus 0 bus_irq 0 global_irq 2 dfl dfl)
[    0.000000] ACPI: INT_SRC_OVR (bus 0 bus_irq 9 global_irq 9 high level)
[    0.000000] ACPI: IRQ0 used by override.
[    0.000000] ACPI: IRQ9 used by override.
[    0.000000] Using ACPI (MADT) for SMP configuration information
[    0.000000] ACPI: HPET id: 0x8086a701 base: 0xfed00000
[    0.000000] smpboot: Allowing 4 CPUs, 0 hotplug CPUs
[    0.000000] PM: Registered nosave memory: [mem 0x00000000-0x00000fff]
[    0.000000] PM: Registered nosave memory: [mem 0x00096000-0x00096fff]
[    0.000000] PM: Registered nosave memory: [mem 0x00097000-0x0009ffff]
[    0.000000] PM: Registered nosave memory: [mem 0x000a0000-0x000dffff]
[    0.000000] PM: Registered nosave memory: [mem 0x000e0000-0x000fffff]
[    0.000000] PM: Registered nosave memory: [mem 0x83300000-0x83300fff]
[    0.000000] PM: Registered nosave memory: [mem 0x83301000-0x8332afff]
[    0.000000] PM: Registered nosave memory: [mem 0x8a248000-0x8a549fff]
[    0.000000] PM: Registered nosave memory: [mem 0x8a54a000-0x8a581fff]
[    0.000000] PM: Registered nosave memory: [mem 0x8a582000-0x8ae73fff]
[    0.000000] PM: Registered nosave memory: [mem 0x8ae74000-0x8b2fefff]
[    0.000000] PM: Registered nosave memory: [mem 0x8b300000-0x8b3fffff]
[    0.000000] PM: Registered nosave memory: [mem 0x8b400000-0x8bffffff]
[    0.000000] PM: Registered nosave memory: [mem 0x8c000000-0x8fffffff]
[    0.000000] PM: Registered nosave memory: [mem 0x90000000-0xdfffffff]
[    0.000000] PM: Registered nosave memory: [mem 0xe0000000-0xefffffff]
[    0.000000] PM: Registered nosave memory: [mem 0xf0000000-0xfdffffff]
[    0.000000] PM: Registered nosave memory: [mem 0xfe000000-0xfe010fff]
[    0.000000] PM: Registered nosave memory: [mem 0xfe011000-0xfebfffff]
[    0.000000] PM: Registered nosave memory: [mem 0xfec00000-0xfec00fff]
[    0.000000] PM: Registered nosave memory: [mem 0xfec01000-0xfedfffff]
[    0.000000] PM: Registered nosave memory: [mem 0xfee00000-0xfee00fff]
[    0.000000] PM: Registered nosave memory: [mem 0xfee01000-0xfeffffff]
[    0.000000] PM: Registered nosave memory: [mem 0xff000000-0xffffffff]
[    0.000000] e820: [mem 0x90000000-0xdfffffff] available for PCI devices
[    0.000000] Booting paravirtualized kernel on bare hardware
[    0.000000] clocksource: refined-jiffies: mask: 0xffffffff max_cycles: 0xffffffff, max_idle_ns: 7645519600211568 ns
[    0.000000] random: get_random_bytes called from start_kernel+0x99/0x51b with crng_init=0
[    0.000000] setup_percpu: NR_CPUS:8192 nr_cpumask_bits:4 nr_cpu_ids:4 nr_node_ids:1
[    0.000000] percpu: Embedded 46 pages/cpu s151552 r8192 d28672 u524288
[    0.000000] pcpu-alloc: s151552 r8192 d28672 u524288 alloc=1*2097152
[    0.000000] pcpu-alloc: [0] 0 1 2 3 
[    0.000000] Built 1 zonelists, mobility grouping on.  Total pages: 4100949
[    0.000000] Policy zone: Normal
[    0.000000] Kernel command line: BOOT_IMAGE=/boot/vmlinuz-4.15.0-64-generic root=UUID=c82b9a54-9e95-4d91-a045-f6274d22a0f7 ro quiet splash vt.handoff=7
[    0.000000] Calgary: detecting Calgary via BIOS EBDA area
[    0.000000] Calgary: Unable to locate Rio Grande table in EBDA - bailing!
[    0.000000] Memory: 16253208K/16664268K available (12300K kernel code, 2480K rwdata, 4184K rodata, 2428K init, 2384K bss, 411060K reserved, 0K cma-reserved)
[    0.000000] SLUB: HWalign=64, Order=0-3, MinObjects=0, CPUs=4, Nodes=1
[    0.000000] Kernel/User page tables isolation: enabled
[    0.000000] ftrace: allocating 39313 entries in 154 pages
[    0.000000] Hierarchical RCU implementation.
[    0.000000] 	RCU restricting CPUs from NR_CPUS=8192 to nr_cpu_ids=4.
[    0.000000] 	Tasks RCU enabled.
[    0.000000] RCU: Adjusting geometry for rcu_fanout_leaf=16, nr_cpu_ids=4
[    0.000000] NR_IRQS: 524544, nr_irqs: 1024, preallocated irqs: 16
[    0.000000] vt handoff: transparent VT on vt#7
[    0.000000] Console: colour dummy device 80x25
[    0.000000] console [tty0] enabled
[    0.000000] ACPI: Core revision 20170831
[    0.000000] ACPI: 8 ACPI AML tables successfully acquired and loaded
[    0.000000] clocksource: hpet: mask: 0xffffffff max_cycles: 0xffffffff, max_idle_ns: 79635855245 ns
[    0.000000] hpet clockevent registered
[    0.004000] APIC: Switch to symmetric I/O mode setup
[    0.004000] DMAR: Host address width 39
[    0.004000] DMAR: DRHD base: 0x000000fed90000 flags: 0x0
[    0.004000] DMAR: dmar0: reg_base_addr fed90000 ver 1:0 cap 1c0000c40660462 ecap 7e3ff0505e
[    0.004000] DMAR: DRHD base: 0x000000fed91000 flags: 0x1
[    0.004000] DMAR: dmar1: reg_base_addr fed91000 ver 1:0 cap d2008c40660462 ecap f050da
[    0.004000] DMAR: RMRR base: 0x0000008a2ec000 end: 0x0000008a30bfff
[    0.004000] DMAR: RMRR base: 0x0000008b800000 end: 0x0000008fffffff
[    0.004000] DMAR: ANDD device: 9 name: \_SB.PCI0.UA00
[    0.004000] DMAR-IR: IOAPIC id 2 under DRHD base  0xfed91000 IOMMU 1
[    0.004000] DMAR-IR: HPET id 0 under DRHD base 0xfed91000
[    0.004000] DMAR-IR: Queued invalidation will be enabled to support x2apic and Intr-remapping.
[    0.004000] DMAR-IR: Enabled IRQ remapping in x2apic mode
[    0.004000] x2apic enabled
[    0.004000] Switched APIC routing to cluster x2apic.
[    0.008000] ..TIMER: vector=0x30 apic1=0 pin1=2 apic2=-1 pin2=-1
[    0.028000] tsc: Detected 1800.000 MHz processor
[    0.028000] Calibrating delay loop (skipped), value calculated using timer frequency.. 3600.00 BogoMIPS (lpj=7200000)
[    0.028000] pid_max: default: 32768 minimum: 301
[    0.028000] Security Framework initialized
[    0.028000] Yama: becoming mindful.
[    0.028000] AppArmor: AppArmor initialized
[    0.028000] Dentry cache hash table entries: 2097152 (order: 12, 16777216 bytes)
[    0.028000] Inode-cache hash table entries: 1048576 (order: 11, 8388608 bytes)
[    0.028000] Mount-cache hash table entries: 32768 (order: 6, 262144 bytes)
[    0.028000] Mountpoint-cache hash table entries: 32768 (order: 6, 262144 bytes)
[    0.028000] ENERGY_PERF_BIAS: Set to 'normal', was 'performance'
[    0.028000] ENERGY_PERF_BIAS: View and update with x86_energy_perf_policy(8)
[    0.028000] CPU0: Thermal monitoring enabled (TM1)
[    0.028000] process: using mwait in idle threads
[    0.028000] Last level iTLB entries: 4KB 64, 2MB 8, 4MB 8
[    0.028000] Last level dTLB entries: 4KB 64, 2MB 0, 4MB 0, 1GB 4
[    0.028000] Spectre V1 : Mitigation: usercopy/swapgs barriers and __user pointer sanitization
[    0.028000] Spectre V2 : Mitigation: Full generic retpoline
[    0.028000] Spectre V2 : Spectre v2 / SpectreRSB mitigation: Filling RSB on context switch
[    0.028000] Spectre V2 : Enabling Restricted Speculation for firmware calls
[    0.028000] Spectre V2 : mitigation: Enabling conditional Indirect Branch Prediction Barrier
[    0.028000] Spectre V2 : User space: Mitigation: STIBP via seccomp and prctl
[    0.028000] Speculative Store Bypass: Mitigation: Speculative Store Bypass disabled via prctl and seccomp
[    0.028000] MDS: Mitigation: Clear CPU buffers
[    0.041392] Freeing SMP alternatives memory: 36K
[    0.044088] TSC deadline timer enabled
[    0.044092] smpboot: CPU0: Intel(R) Core(TM) i5-6260U CPU @ 1.80GHz (family: 0x6, model: 0x4e, stepping: 0x3)
[    0.044171] Performance Events: PEBS fmt3+, Skylake events, 32-deep LBR, full-width counters, Intel PMU driver.
[    0.044212] ... version:                4
[    0.044212] ... bit width:              48
[    0.044213] ... generic registers:      4
[    0.044214] ... value mask:             0000ffffffffffff
[    0.044215] ... max period:             00007fffffffffff
[    0.044215] ... fixed-purpose events:   3
[    0.044216] ... event mask:             000000070000000f
[    0.044262] Hierarchical SRCU implementation.
[    0.045487] NMI watchdog: Enabled. Permanently consumes one hw-PMU counter.
[    0.045502] smp: Bringing up secondary CPUs ...
[    0.045593] x86: Booting SMP configuration:
[    0.045594] .... node  #0, CPUs:      #1 #2
[    0.048798] MDS CPU bug present and SMT on, data leak possible. See https://www.kernel.org/doc/html/latest/admin-guide/hw-vuln/mds.html for more details.
[    0.048798]  #3
[    0.048798] smp: Brought up 1 node, 4 CPUs
[    0.048798] smpboot: Max logical packages: 1
[    0.048798] smpboot: Total of 4 processors activated (14400.00 BogoMIPS)
[    0.052387] devtmpfs: initialized
[    0.052387] x86/mm: Memory block size: 128MB
[    0.053480] evm: security.selinux
[    0.053481] evm: security.SMACK64
[    0.053481] evm: security.SMACK64EXEC
[    0.053482] evm: security.SMACK64TRANSMUTE
[    0.053482] evm: security.SMACK64MMAP
[    0.053483] evm: security.apparmor
[    0.053483] evm: security.ima
[    0.053484] evm: security.capability
[    0.053501] PM: Registering ACPI NVS region [mem 0x83300000-0x83300fff] (4096 bytes)
[    0.053501] PM: Registering ACPI NVS region [mem 0x8a582000-0x8ae73fff] (9379840 bytes)
[    0.053501] clocksource: jiffies: mask: 0xffffffff max_cycles: 0xffffffff, max_idle_ns: 7645041785100000 ns
[    0.053501] futex hash table entries: 1024 (order: 4, 65536 bytes)
[    0.053501] pinctrl core: initialized pinctrl subsystem
[    0.074372] RTC time: 10:56:53, date: 09/28/19
[    0.074486] NET: Registered protocol family 16
[    0.074591] audit: initializing netlink subsys (disabled)
[    0.074598] audit: type=2000 audit(1569668212.072:1): state=initialized audit_enabled=0 res=1
[    0.074598] cpuidle: using governor ladder
[    0.074598] cpuidle: using governor menu
[    0.074598] ACPI FADT declares the system doesn't support PCIe ASPM, so disable it
[    0.074598] ACPI: bus type PCI registered
[    0.074598] acpiphp: ACPI Hot Plug PCI Controller Driver version: 0.5
[    0.074598] PCI: MMCONFIG for domain 0000 [bus 00-ff] at [mem 0xe0000000-0xefffffff] (base 0xe0000000)
[    0.074598] PCI: MMCONFIG at [mem 0xe0000000-0xefffffff] reserved in E820
[    0.074598] PCI: Using configuration type 1 for base access
[    0.076494] HugeTLB registered 1.00 GiB page size, pre-allocated 0 pages
[    0.076494] HugeTLB registered 2.00 MiB page size, pre-allocated 0 pages
[    0.076494] ACPI: Added _OSI(Module Device)
[    0.076494] ACPI: Added _OSI(Processor Device)
[    0.076494] ACPI: Added _OSI(3.0 _SCP Extensions)
[    0.076494] ACPI: Added _OSI(Processor Aggregator Device)
[    0.076494] ACPI: Added _OSI(Linux-Dell-Video)
[    0.076494] ACPI: Added _OSI(Linux-Lenovo-NV-HDMI-Audio)
[    0.076494] ACPI: Added _OSI(Linux-HPI-Hybrid-Graphics)
[    0.077316] ACPI: Executed 25 blocks of module-level executable AML code
[    0.095684] ACPI: [Firmware Bug]: BIOS _OSI(Linux) query ignored
[    0.101087] ACPI: Dynamic OEM Table Load:
[    0.101095] ACPI: SSDT 0xFFFF9C279C3AC800 000558 (v02 PmRef  Cpu0Ist  00003000 INTL 20120913)
[    0.101618] ACPI: \_PR_.CPU0: _OSC native thermal LVT Acked
[    0.104061] ACPI: Dynamic OEM Table Load:
[    0.104068] ACPI: SSDT 0xFFFF9C279BDA7000 00037F (v02 PmRef  Cpu0Cst  00003001 INTL 20120913)
[    0.104658] ACPI: Dynamic OEM Table Load:
[    0.104662] ACPI: SSDT 0xFFFF9C279C393300 00008E (v02 PmRef  Cpu0Hwp  00003000 INTL 20120913)
[    0.105105] ACPI: Dynamic OEM Table Load:
[    0.105109] ACPI: SSDT 0xFFFF9C279BDA3E00 000130 (v02 PmRef  HwpLvt   00003000 INTL 20120913)
[    0.106333] ACPI: Dynamic OEM Table Load:
[    0.106341] ACPI: SSDT 0xFFFF9C279C3A8800 0005AA (v02 PmRef  ApIst    00003000 INTL 20120913)
[    0.107389] ACPI: Dynamic OEM Table Load:
[    0.107394] ACPI: SSDT 0xFFFF9C279BDA3A00 000119 (v02 PmRef  ApHwp    00003000 INTL 20120913)
